###############################################################################
#
# IAR ELF Linker V7.80.2.11947/W32 for ARM                11/Jun/2018  08:54:29
# Copyright 2007-2016 IAR Systems AB.
#
#    Output file  =  
#        F:\中科君达\集中器资料\mbus集中器\mbus集中器程序（马先跃修改）20180530\mbus集中器程序\Projects\EWARM\Debug\Exe\Concentrator.out
#    Map file     =  
#        F:\中科君达\集中器资料\mbus集中器\mbus集中器程序（马先跃修改）20180530\mbus集中器程序\Projects\EWARM\Debug\List\Concentrator.map
#    Command line =  
#        F:\中科君达\集中器资料\mbus集中器\mbus集中器程序（马先跃修改）20180530\mbus集中器程序\Projects\EWARM\Debug\Obj\CJT-188-2004.o
#        F:\中科君达\集中器资料\mbus集中器\mbus集中器程序（马先跃修改）20180530\mbus集中器程序\Projects\EWARM\Debug\Obj\Common_API.o
#        F:\中科君达\集中器资料\mbus集中器\mbus集中器程序（马先跃修改）20180530\mbus集中器程序\Projects\EWARM\Debug\Obj\CRC8.o
#        F:\中科君达\集中器资料\mbus集中器\mbus集中器程序（马先跃修改）20180530\mbus集中器程序\Projects\EWARM\Debug\Obj\croutine.o
#        F:\中科君达\集中器资料\mbus集中器\mbus集中器程序（马先跃修改）20180530\mbus集中器程序\Projects\EWARM\Debug\Obj\DriverPcb.o
#        F:\中科君达\集中器资料\mbus集中器\mbus集中器程序（马先跃修改）20180530\mbus集中器程序\Projects\EWARM\Debug\Obj\event_groups.o
#        F:\中科君达\集中器资料\mbus集中器\mbus集中器程序（马先跃修改）20180530\mbus集中器程序\Projects\EWARM\Debug\Obj\filter.o
#        F:\中科君达\集中器资料\mbus集中器\mbus集中器程序（马先跃修改）20180530\mbus集中器程序\Projects\EWARM\Debug\Obj\Gprs.o
#        F:\中科君达\集中器资料\mbus集中器\mbus集中器程序（马先跃修改）20180530\mbus集中器程序\Projects\EWARM\Debug\Obj\heap_4.o
#        F:\中科君达\集中器资料\mbus集中器\mbus集中器程序（马先跃修改）20180530\mbus集中器程序\Projects\EWARM\Debug\Obj\list.o
#        F:\中科君达\集中器资料\mbus集中器\mbus集中器程序（马先跃修改）20180530\mbus集中器程序\Projects\EWARM\Debug\Obj\main.o
#        F:\中科君达\集中器资料\mbus集中器\mbus集中器程序（马先跃修改）20180530\mbus集中器程序\Projects\EWARM\Debug\Obj\Manual.o
#        F:\中科君达\集中器资料\mbus集中器\mbus集中器程序（马先跃修改）20180530\mbus集中器程序\Projects\EWARM\Debug\Obj\MB85RC512T.o
#        F:\中科君达\集中器资料\mbus集中器\mbus集中器程序（马先跃修改）20180530\mbus集中器程序\Projects\EWARM\Debug\Obj\MCU_Config.o
#        F:\中科君达\集中器资料\mbus集中器\mbus集中器程序（马先跃修改）20180530\mbus集中器程序\Projects\EWARM\Debug\Obj\MeterList.o
#        F:\中科君达\集中器资料\mbus集中器\mbus集中器程序（马先跃修改）20180530\mbus集中器程序\Projects\EWARM\Debug\Obj\misc.o
#        F:\中科君达\集中器资料\mbus集中器\mbus集中器程序（马先跃修改）20180530\mbus集中器程序\Projects\EWARM\Debug\Obj\OnSceneComm.o
#        F:\中科君达\集中器资料\mbus集中器\mbus集中器程序（马先跃修改）20180530\mbus集中器程序\Projects\EWARM\Debug\Obj\PCF8563.o
#        F:\中科君达\集中器资料\mbus集中器\mbus集中器程序（马先跃修改）20180530\mbus集中器程序\Projects\EWARM\Debug\Obj\port.o
#        F:\中科君达\集中器资料\mbus集中器\mbus集中器程序（马先跃修改）20180530\mbus集中器程序\Projects\EWARM\Debug\Obj\portasm.o
#        F:\中科君达\集中器资料\mbus集中器\mbus集中器程序（马先跃修改）20180530\mbus集中器程序\Projects\EWARM\Debug\Obj\queue.o
#        F:\中科君达\集中器资料\mbus集中器\mbus集中器程序（马先跃修改）20180530\mbus集中器程序\Projects\EWARM\Debug\Obj\SerialPort.o
#        F:\中科君达\集中器资料\mbus集中器\mbus集中器程序（马先跃修改）20180530\mbus集中器程序\Projects\EWARM\Debug\Obj\Server188.o
#        F:\中科君达\集中器资料\mbus集中器\mbus集中器程序（马先跃修改）20180530\mbus集中器程序\Projects\EWARM\Debug\Obj\SofTimer.o
#        F:\中科君达\集中器资料\mbus集中器\mbus集中器程序（马先跃修改）20180530\mbus集中器程序\Projects\EWARM\Debug\Obj\startup_stm32l1xx_hd.o
#        F:\中科君达\集中器资料\mbus集中器\mbus集中器程序（马先跃修改）20180530\mbus集中器程序\Projects\EWARM\Debug\Obj\stm32_it.o
#        F:\中科君达\集中器资料\mbus集中器\mbus集中器程序（马先跃修改）20180530\mbus集中器程序\Projects\EWARM\Debug\Obj\stm32l1xx_adc.o
#        F:\中科君达\集中器资料\mbus集中器\mbus集中器程序（马先跃修改）20180530\mbus集中器程序\Projects\EWARM\Debug\Obj\stm32l1xx_aes.o
#        F:\中科君达\集中器资料\mbus集中器\mbus集中器程序（马先跃修改）20180530\mbus集中器程序\Projects\EWARM\Debug\Obj\stm32l1xx_aes_util.o
#        F:\中科君达\集中器资料\mbus集中器\mbus集中器程序（马先跃修改）20180530\mbus集中器程序\Projects\EWARM\Debug\Obj\stm32l1xx_comp.o
#        F:\中科君达\集中器资料\mbus集中器\mbus集中器程序（马先跃修改）20180530\mbus集中器程序\Projects\EWARM\Debug\Obj\stm32l1xx_crc.o
#        F:\中科君达\集中器资料\mbus集中器\mbus集中器程序（马先跃修改）20180530\mbus集中器程序\Projects\EWARM\Debug\Obj\stm32l1xx_dac.o
#        F:\中科君达\集中器资料\mbus集中器\mbus集中器程序（马先跃修改）20180530\mbus集中器程序\Projects\EWARM\Debug\Obj\stm32l1xx_dbgmcu.o
#        F:\中科君达\集中器资料\mbus集中器\mbus集中器程序（马先跃修改）20180530\mbus集中器程序\Projects\EWARM\Debug\Obj\stm32l1xx_dma.o
#        F:\中科君达\集中器资料\mbus集中器\mbus集中器程序（马先跃修改）20180530\mbus集中器程序\Projects\EWARM\Debug\Obj\stm32l1xx_exti.o
#        F:\中科君达\集中器资料\mbus集中器\mbus集中器程序（马先跃修改）20180530\mbus集中器程序\Projects\EWARM\Debug\Obj\stm32l1xx_flash.o
#        F:\中科君达\集中器资料\mbus集中器\mbus集中器程序（马先跃修改）20180530\mbus集中器程序\Projects\EWARM\Debug\Obj\stm32l1xx_flash_ramfunc.o
#        F:\中科君达\集中器资料\mbus集中器\mbus集中器程序（马先跃修改）20180530\mbus集中器程序\Projects\EWARM\Debug\Obj\stm32l1xx_fsmc.o
#        F:\中科君达\集中器资料\mbus集中器\mbus集中器程序（马先跃修改）20180530\mbus集中器程序\Projects\EWARM\Debug\Obj\stm32l1xx_gpio.o
#        F:\中科君达\集中器资料\mbus集中器\mbus集中器程序（马先跃修改）20180530\mbus集中器程序\Projects\EWARM\Debug\Obj\stm32l1xx_i2c.o
#        F:\中科君达\集中器资料\mbus集中器\mbus集中器程序（马先跃修改）20180530\mbus集中器程序\Projects\EWARM\Debug\Obj\stm32l1xx_iwdg.o
#        F:\中科君达\集中器资料\mbus集中器\mbus集中器程序（马先跃修改）20180530\mbus集中器程序\Projects\EWARM\Debug\Obj\stm32l1xx_lcd.o
#        F:\中科君达\集中器资料\mbus集中器\mbus集中器程序（马先跃修改）20180530\mbus集中器程序\Projects\EWARM\Debug\Obj\stm32l1xx_opamp.o
#        F:\中科君达\集中器资料\mbus集中器\mbus集中器程序（马先跃修改）20180530\mbus集中器程序\Projects\EWARM\Debug\Obj\stm32l1xx_pwr.o
#        F:\中科君达\集中器资料\mbus集中器\mbus集中器程序（马先跃修改）20180530\mbus集中器程序\Projects\EWARM\Debug\Obj\stm32l1xx_rcc.o
#        F:\中科君达\集中器资料\mbus集中器\mbus集中器程序（马先跃修改）20180530\mbus集中器程序\Projects\EWARM\Debug\Obj\stm32l1xx_rtc.o
#        F:\中科君达\集中器资料\mbus集中器\mbus集中器程序（马先跃修改）20180530\mbus集中器程序\Projects\EWARM\Debug\Obj\stm32l1xx_sdio.o
#        F:\中科君达\集中器资料\mbus集中器\mbus集中器程序（马先跃修改）20180530\mbus集中器程序\Projects\EWARM\Debug\Obj\stm32l1xx_spi.o
#        F:\中科君达\集中器资料\mbus集中器\mbus集中器程序（马先跃修改）20180530\mbus集中器程序\Projects\EWARM\Debug\Obj\stm32l1xx_syscfg.o
#        F:\中科君达\集中器资料\mbus集中器\mbus集中器程序（马先跃修改）20180530\mbus集中器程序\Projects\EWARM\Debug\Obj\stm32l1xx_tim.o
#        F:\中科君达\集中器资料\mbus集中器\mbus集中器程序（马先跃修改）20180530\mbus集中器程序\Projects\EWARM\Debug\Obj\stm32l1xx_usart.o
#        F:\中科君达\集中器资料\mbus集中器\mbus集中器程序（马先跃修改）20180530\mbus集中器程序\Projects\EWARM\Debug\Obj\stm32l1xx_wwdg.o
#        F:\中科君达\集中器资料\mbus集中器\mbus集中器程序（马先跃修改）20180530\mbus集中器程序\Projects\EWARM\Debug\Obj\system_stm32l1xx.o
#        F:\中科君达\集中器资料\mbus集中器\mbus集中器程序（马先跃修改）20180530\mbus集中器程序\Projects\EWARM\Debug\Obj\SystemInit.o
#        F:\中科君达\集中器资料\mbus集中器\mbus集中器程序（马先跃修改）20180530\mbus集中器程序\Projects\EWARM\Debug\Obj\tasks.o
#        F:\中科君达\集中器资料\mbus集中器\mbus集中器程序（马先跃修改）20180530\mbus集中器程序\Projects\EWARM\Debug\Obj\timers.o
#        --redirect _Printf=_PrintfFull --redirect _Scanf=_ScanfFull -o
#        F:\中科君达\集中器资料\mbus集中器\mbus集中器程序（马先跃修改）20180530\mbus集中器程序\Projects\EWARM\Debug\Exe\Concentrator.out
#        --map
#        F:\中科君达\集中器资料\mbus集中器\mbus集中器程序（马先跃修改）20180530\mbus集中器程序\Projects\EWARM\Debug\List\Concentrator.map
#        --config "D:\IAR 7.8 for STM32\arm\config\linker\ST\stm32l151xE.icf"
#        --semihosting --entry __iar_program_start --vfe
#
###############################################################################

*******************************************************************************
*** RUNTIME MODEL ATTRIBUTES
***

CppFlavor       = *
__SystemLibrary = DLib


*******************************************************************************
*** PLACEMENT SUMMARY
***

"A0":  place at 0x08000000 { ro section .intvec };
"P1":  place in [from 0x08000000 to 0x0807ffff] { ro };
"P2":  place in [from 0x20000000 to 0x20013fff] { rw, block CSTACK, block HEAP };
initialize by copy { rw };

  Section             Kind        Address    Size  Object
  -------             ----        -------    ----  ------
"A0":                                       0x124
  .intvec             ro code  0x08000000   0x124  startup_stm32l1xx_hd.o [1]
                             - 0x08000124   0x124

"P1":                                      0xd89c
  .text               ro code  0x08000124  0x2174  Server188.o [1]
  .text               ro code  0x08002298   0x6bc  queue.o [1]
  .text               ro code  0x08002954  0x17c8  Gprs.o [1]
  .text               ro code  0x0800411c    0x76  ABImemcpy_unaligned.o [5]
  .text               ro code  0x08004192     0xa  xsprout.o [3]
  .text               ro code  0x0800419c   0x3be  Common_API.o [1]
  .text               ro code  0x0800455c   0xb8c  tasks.o [1]
  .text               ro code  0x080050e8   0x594  PCF8563.o [1]
  .text               ro code  0x0800567c   0x128  DriverPcb.o [1]
  .text               ro code  0x080057a4    0x62  memcmp_unaligned.o [5]
  .text               ro code  0x08005808    0x66  ABImemset.o [5]
  .text               ro code  0x08005870   0x7b2  MeterList.o [1]
  .text               ro code  0x08006024   0xa24  CJT-188-2004.o [1]
  .text               ro code  0x08006a48  0x1f04  SerialPort.o [1]
  .text               ro code  0x0800894c   0x5a4  OnSceneComm.o [1]
  CODE                ro code  0x08008ef0    0x94  portasm.o [1]
  .text               ro code  0x08008f84   0x1c4  port.o [1]
  .text               ro code  0x08009148    0x9e  list.o [1]
  .text               ro code  0x080091e8   0x250  heap_4.o [1]
  .text               ro code  0x08009438   0x4c2  SystemInit.o [1]
  .text               ro code  0x080098fa    0x1c  strcat.o [3]
  .text               ro code  0x08009918    0x34  sprintf.o [3]
  .text               ro code  0x0800994c    0x10  Gprs.o [1]
  .text               ro code  0x0800995c    0x16  strchr.o [5]
  .text               ro code  0x08009972     0x8  atoi.o [3]
  .text               ro code  0x0800997c   0x36c  stm32l1xx_rcc.o [1]
  .text               ro code  0x08009ce8   0x102  stm32l1xx_gpio.o [1]
  .text               ro code  0x08009dec   0x3e8  timers.o [1]
  .text               ro code  0x0800a1d4   0x270  stm32l1xx_i2c.o [1]
  .text               ro code  0x0800a444   0x13c  stm32l1xx_flash.o [1]
  .text               ro code  0x0800a580   0x560  MB85RC512T.o [1]
  .text               ro code  0x0800aae0   0x23e  stm32l1xx_usart.o [1]
  .text               ro code  0x0800ad20   0x1b8  stm32l1xx_dma.o [1]
  .text               ro code  0x0800aed8    0xc4  misc.o [1]
  .text               ro code  0x0800af9c    0x54  stm32l1xx_syscfg.o [1]
  .text               ro code  0x0800aff0    0xbc  stm32l1xx_exti.o [1]
  .text               ro code  0x0800b0ac    0x38  stm32l1xx_iwdg.o [1]
  .text               ro code  0x0800b0e4   0xdd2  xprintffull.o [3]
  .text               ro code  0x0800beb6    0x2e  strstr.o [3]
  .text               ro code  0x0800bee4   0x19c  xstoul.o [3]
  .text               ro code  0x0800c080    0x36  strlen.o [5]
  .text               ro code  0x0800c0b8    0x58  memchr.o [5]
  .text               ro code  0x0800c110    0xee  I64DivMod.o [5]
  .text               ro code  0x0800c1fe    0x44  xdnorm.o [4]
  .text               ro code  0x0800c244    0x2e  DblCmpLe.o [4]
  .text               ro code  0x0800c274    0x2e  DblCmpGe.o [4]
  .text               ro code  0x0800c2a4   0x10c  xdscale.o [4]
  .text               ro code  0x0800c3b0    0x58  DblToI32.o [4]
  .text               ro code  0x0800c408    0x30  I32ToDbl.o [4]
  .text               ro code  0x0800c438   0x180  DblSub.o [4]
  .text               ro code  0x0800c5b8   0x1a2  DblMul.o [4]
  .text               ro code  0x0800c75c   0x256  DblDiv.o [4]
  .text               ro code  0x0800c9b2     0xe  div.o [3]
  .text               ro code  0x0800c9c0     0xc  errno.o [3]
  .text               ro code  0x0800c9cc     0x2  I64DivZer.o [5]
  .text               ro code  0x0800c9d0    0xd4  DblAdd.o [4]
  .text               ro code  0x0800caa4     0x2  xtls.o [3]
  .text               ro code  0x0800caa8   0x362  stm32_it.o [1]
  .text               ro code  0x0800ce0c   0x20c  main.o [1]
  .text               ro code  0x0800d018    0x44  strcpy_unaligned.o [5]
  .text               ro code  0x0800d05c   0x1c8  MCU_Config.o [1]
  .text               ro code  0x0800d224   0x174  system_stm32l1xx.o [1]
  .rodata             const    0x0800d398   0x100  Common_API.o [1]
  .rodata             const    0x0800d498   0x100  Common_API.o [1]
  .text               ro code  0x0800d598    0x50  Manual.o [1]
  .text               ro code  0x0800d5e8    0x40  zero_init3.o [5]
  .text               ro code  0x0800d628    0x2c  copy_init3.o [5]
  .text               ro code  0x0800d654    0x28  data_init.o [5]
  Initializer bytes   const    0x0800d67c    0x28  <for P2-1>
  .rodata             const    0x0800d6a4    0x24  SerialPort.o [1]
  .iar.init_table     const    0x0800d6c8    0x24  - Linker created -
  .rodata             const    0x0800d6ec    0x20  Server188.o [1]
  .text               ro code  0x0800d70c    0x1a  cmain.o [5]
  .text               ro code  0x0800d726     0x4  low_level_init.o [3]
  .text               ro code  0x0800d72a     0x4  exit.o [3]
  .text               ro code  0x0800d730     0xa  cexit.o [5]
  .text               ro code  0x0800d73c    0x14  exit.o [6]
  .rodata             const    0x0800d750    0x14  Gprs.o [1]
  .rodata             const    0x0800d764    0x14  Gprs.o [1]
  .rodata             const    0x0800d778    0x10  Gprs.o [1]
  .rodata             const    0x0800d788    0x10  Gprs.o [1]
  .rodata             const    0x0800d798    0x10  Gprs.o [1]
  .rodata             const    0x0800d7a8    0x10  Gprs.o [1]
  .rodata             const    0x0800d7b8    0x10  Gprs.o [1]
  .rodata             const    0x0800d7c8    0x10  Gprs.o [1]
  .text               ro code  0x0800d7d8    0x10  startup_stm32l1xx_hd.o [1]
  .rodata             const    0x0800d7e8     0xc  Gprs.o [1]
  .rodata             const    0x0800d7f4     0xc  Gprs.o [1]
  .rodata             const    0x0800d800     0xc  Gprs.o [1]
  .rodata             const    0x0800d80c     0xc  Gprs.o [1]
  .rodata             const    0x0800d818     0xc  Gprs.o [1]
  .rodata             const    0x0800d824     0xc  Gprs.o [1]
  .rodata             const    0x0800d830     0xc  Gprs.o [1]
  .rodata             const    0x0800d83c     0xc  Gprs.o [1]
  .rodata             const    0x0800d848     0xc  Gprs.o [1]
  .rodata             const    0x0800d854     0xc  Gprs.o [1]
  .rodata             const    0x0800d860     0xc  Gprs.o [1]
  .rodata             const    0x0800d86c     0xc  Gprs.o [1]
  .rodata             const    0x0800d878     0xc  Gprs.o [1]
  .rodata             const    0x0800d884     0xc  Gprs.o [1]
  .rodata             const    0x0800d890     0xc  Gprs.o [1]
  .rodata             const    0x0800d89c     0xc  Gprs.o [1]
  .rodata             const    0x0800d8a8     0xc  Gprs.o [1]
  .rodata             const    0x0800d8b4     0xc  Gprs.o [1]
  .rodata             const    0x0800d8c0     0xc  main.o [1]
  .rodata             const    0x0800d8cc     0xc  main.o [1]
  .rodata             const    0x0800d8d8     0xc  SystemInit.o [1]
  .rodata             const    0x0800d8e4     0xc  SystemInit.o [1]
  .rodata             const    0x0800d8f0     0xc  SystemInit.o [1]
  .rodata             const    0x0800d8fc     0xc  SystemInit.o [1]
  .text               ro code  0x0800d908     0xc  cstartup_M.o [5]
  .rodata             const    0x0800d914     0x8  Gprs.o [1]
  .rodata             const    0x0800d91c     0x8  Gprs.o [1]
  .rodata             const    0x0800d924     0x8  Gprs.o [1]
  .rodata             const    0x0800d92c     0x8  Gprs.o [1]
  .rodata             const    0x0800d934     0x8  Gprs.o [1]
  .rodata             const    0x0800d93c     0x8  main.o [1]
  .rodata             const    0x0800d944     0x8  Server188.o [1]
  .rodata             const    0x0800d94c     0x8  tasks.o [1]
  .rodata             const    0x0800d954     0x8  timers.o [1]
  .rodata             const    0x0800d95c     0x4  heap_4.o [1]
  .rodata             const    0x0800d960     0x4  port.o [1]
  .text               ro code  0x0800d964     0x4  startup_stm32l1xx_hd.o [1]
  .text               ro code  0x0800d968     0x4  startup_stm32l1xx_hd.o [1]
  .text               ro code  0x0800d96c     0x4  startup_stm32l1xx_hd.o [1]
  .text               ro code  0x0800d970     0x4  startup_stm32l1xx_hd.o [1]
  .text               ro code  0x0800d974     0x4  startup_stm32l1xx_hd.o [1]
  .text               ro code  0x0800d978     0x4  startup_stm32l1xx_hd.o [1]
  .text               ro code  0x0800d97c     0x4  startup_stm32l1xx_hd.o [1]
  .text               ro code  0x0800d980     0x4  startup_stm32l1xx_hd.o [1]
  .text               ro code  0x0800d984     0x4  startup_stm32l1xx_hd.o [1]
  .text               ro code  0x0800d988     0x4  startup_stm32l1xx_hd.o [1]
  .text               ro code  0x0800d98c     0x4  startup_stm32l1xx_hd.o [1]
  .text               ro code  0x0800d990     0x4  startup_stm32l1xx_hd.o [1]
  .text               ro code  0x0800d994     0x4  startup_stm32l1xx_hd.o [1]
  .text               ro code  0x0800d998     0x4  startup_stm32l1xx_hd.o [1]
  .text               ro code  0x0800d99c     0x4  startup_stm32l1xx_hd.o [1]
  .text               ro code  0x0800d9a0     0x4  startup_stm32l1xx_hd.o [1]
  .text               ro code  0x0800d9a4     0x4  startup_stm32l1xx_hd.o [1]
  .text               ro code  0x0800d9a8     0x4  startup_stm32l1xx_hd.o [1]
  .text               ro code  0x0800d9ac     0x4  startup_stm32l1xx_hd.o [1]
  .text               ro code  0x0800d9b0     0x4  startup_stm32l1xx_hd.o [1]
  .text               ro code  0x0800d9b4     0x4  startup_stm32l1xx_hd.o [1]
  .text               ro code  0x0800d9b8     0x4  startup_stm32l1xx_hd.o [1]
  .text               ro code  0x0800d9bc     0x4  startup_stm32l1xx_hd.o [1]
  .rodata             const    0x0800d9c0     0x0  zero_init3.o [5]
  .rodata             const    0x0800d9c0     0x0  copy_init3.o [5]
                             - 0x0800d9c0  0xd89c

"P2", part 1 of 3:                           0x28
  P2-1                         0x20000000    0x28  <Init block>
    .data             inited   0x20000000     0x4  port.o [1]
    .data             inited   0x20000004     0xc  stm32l1xx_rcc.o [1]
    .data             inited   0x20000010    0x10  stm32l1xx_rcc.o [1]
    __DLIB_PERTHREAD  inited   0x20000020     0x4  errno.o [3]
    .data             inited   0x20000024     0x1  Gprs.o [1]
    .data             inited   0x20000025     0x1  MB85RC512T.o [1]
    .data             inited   0x20000026     0x1  Server188.o [1]
    .data             inited   0x20000027     0x1  Server188.o [1]
                             - 0x20000028    0x28

"P2", part 2 of 3:                         0x1000
  CSTACK                       0x20000028  0x1000  <Block>
    CSTACK            uninit   0x20000028  0x1000  <Block tail>
                             - 0x20001028  0x1000

"P2", part 3 of 3:                         0x923c
  .bss                zero     0x20001028  0x6000  heap_4.o [1]
  .bss                zero     0x20007028  0x1010  OnSceneComm.o [1]
  .bss                zero     0x20008038  0x1000  Gprs.o [1]
  .bss                zero     0x20009038   0xa00  SerialPort.o [1]
  .bss                zero     0x20009a38   0x37c  Server188.o [1]
  .bss                zero     0x20009db4    0x8c  tasks.o [1]
  .bss                zero     0x20009e40    0x80  CJT-188-2004.o [1]
  .bss                zero     0x20009ec0    0x6c  SerialPort.o [1]
  .bss                zero     0x20009f2c    0x68  CJT-188-2004.o [1]
  .bss                zero     0x20009f94    0x68  Gprs.o [1]
  .bss                zero     0x20009ffc    0x4c  Server188.o [1]
  .bss                zero     0x2000a048    0x40  Manual.o [1]
  .bss                zero     0x2000a088    0x30  CJT-188-2004.o [1]
  .bss                zero     0x2000a0b8    0x14  tasks.o [1]
  .bss                zero     0x2000a0cc    0x14  tasks.o [1]
  .bss                zero     0x2000a0e0    0x14  tasks.o [1]
  .bss                zero     0x2000a0f4    0x14  tasks.o [1]
  .bss                zero     0x2000a108    0x14  tasks.o [1]
  .bss                zero     0x2000a11c    0x14  timers.o [1]
  .bss                zero     0x2000a130    0x14  timers.o [1]
  .bss                zero     0x2000a144     0xc  MeterList.o [1]
  .bss                zero     0x2000a150     0xc  Server188.o [1]
  .bss                zero     0x2000a15c     0xc  Server188.o [1]
  .bss                zero     0x2000a168     0xc  Server188.o [1]
  .bss                zero     0x2000a174     0xc  Server188.o [1]
  .bss                zero     0x2000a180     0x8  heap_4.o [1]
  .bss                zero     0x2000a188     0x8  OnSceneComm.o [1]
  .bss                zero     0x2000a190     0x8  OnSceneComm.o [1]
  .bss                zero     0x2000a198     0x8  PCF8563.o [1]
  .bss                zero     0x2000a1a0     0x8  SerialPort.o [1]
  .bss                zero     0x2000a1a8     0x8  SystemInit.o [1]
  .bss                zero     0x2000a1b0     0x4  Gprs.o [1]
  .bss                zero     0x2000a1b4     0x4  Gprs.o [1]
  .bss                zero     0x2000a1b8     0x4  heap_4.o [1]
  .bss                zero     0x2000a1bc     0x4  heap_4.o [1]
  .bss                zero     0x2000a1c0     0x4  heap_4.o [1]
  .bss                zero     0x2000a1c4     0x4  heap_4.o [1]
  .bss                zero     0x2000a1c8     0x4  main.o [1]
  .bss                zero     0x2000a1cc     0x4  Manual.o [1]
  .bss                zero     0x2000a1d0     0x4  port.o [1]
  .bss                zero     0x2000a1d4     0x4  SerialPort.o [1]
  .bss                zero     0x2000a1d8     0x4  SystemInit.o [1]
  .bss                zero     0x2000a1dc     0x4  SystemInit.o [1]
  .bss                zero     0x2000a1e0     0x4  SystemInit.o [1]
  .bss                zero     0x2000a1e4     0x4  SystemInit.o [1]
  .bss                zero     0x2000a1e8     0x4  SystemInit.o [1]
  .bss                zero     0x2000a1ec     0x4  SystemInit.o [1]
  .bss                zero     0x2000a1f0     0x4  SystemInit.o [1]
  .bss                zero     0x2000a1f4     0x4  SystemInit.o [1]
  .bss                zero     0x2000a1f8     0x4  SystemInit.o [1]
  .bss                zero     0x2000a1fc     0x4  SystemInit.o [1]
  .bss                zero     0x2000a200     0x4  SystemInit.o [1]
  .bss                zero     0x2000a204     0x4  SystemInit.o [1]
  .bss                zero     0x2000a208     0x4  tasks.o [1]
  .bss                zero     0x2000a20c     0x4  tasks.o [1]
  .bss                zero     0x2000a210     0x4  tasks.o [1]
  .bss                zero     0x2000a214     0x4  tasks.o [1]
  .bss                zero     0x2000a218     0x4  tasks.o [1]
  .bss                zero     0x2000a21c     0x4  tasks.o [1]
  .bss                zero     0x2000a220     0x4  tasks.o [1]
  .bss                zero     0x2000a224     0x4  tasks.o [1]
  .bss                zero     0x2000a228     0x4  tasks.o [1]
  .bss                zero     0x2000a22c     0x4  tasks.o [1]
  .bss                zero     0x2000a230     0x4  tasks.o [1]
  .bss                zero     0x2000a234     0x4  tasks.o [1]
  .bss                zero     0x2000a238     0x4  tasks.o [1]
  .bss                zero     0x2000a23c     0x4  tasks.o [1]
  .bss                zero     0x2000a240     0x4  timers.o [1]
  .bss                zero     0x2000a244     0x4  timers.o [1]
  .bss                zero     0x2000a248     0x4  timers.o [1]
  .bss                zero     0x2000a24c     0x4  timers.o [1]
  .bss                zero     0x2000a250     0x2  MeterList.o [1]
  .bss                zero     0x2000a252     0x2  SerialPort.o [1]
  .bss                zero     0x2000a254     0x2  SystemInit.o [1]
  .bss                zero     0x2000a256     0x2  SystemInit.o [1]
  .bss                zero     0x2000a258     0x2  SystemInit.o [1]
  .bss                zero     0x2000a25a     0x1  CJT-188-2004.o [1]
  .bss                zero     0x2000a25b     0x1  CJT-188-2004.o [1]
  .bss                zero     0x2000a25c     0x1  MeterList.o [1]
  .bss                zero     0x2000a25d     0x1  MeterList.o [1]
  .bss                zero     0x2000a25e     0x1  port.o [1]
  .bss                zero     0x2000a25f     0x1  SerialPort.o [1]
  .bss                zero     0x2000a260     0x1  Server188.o [1]
  .bss                zero     0x2000a261     0x1  Server188.o [1]
  .bss                zero     0x2000a262     0x1  SystemInit.o [1]
                             - 0x2000a263  0x923b


*******************************************************************************
*** INIT TABLE
***

          Address     Size
          -------     ----
Zero (__iar_zero_init3)
    1 destination range, total size 0x923b:
          0x20001028  0x923b

Copy (__iar_copy_init3)
    1 source range, total size 0x28:
          0x0800d67c    0x28
    1 destination range, total size 0x28:
          0x20000000    0x28



*******************************************************************************
*** MODULE SUMMARY
***

    Module                  ro code  ro data  rw data
    ------                  -------  -------  -------
F:\中科君达\集中器资料\mbus集中器\mbus集中器程序（马先跃修改）20180530\mbus集中器程序\Projects\EWARM\Debug\Obj: [1]
    CJT-188-2004.o            2 596               282
    Common_API.o                958      512
    DriverPcb.o                 296
    Gprs.o                    6 104      393    4 209
    MB85RC512T.o              1 376        1        1
    MCU_Config.o                456
    Manual.o                     80                68
    MeterList.o               1 970                16
    OnSceneComm.o             1 444             4 128
    PCF8563.o                 1 428                 8
    SerialPort.o              7 940       36    2 683
    Server188.o               8 564       42    1 020
    SystemInit.o              1 218       48       63
    heap_4.o                    592        4   24 600
    list.o                      158
    main.o                      524       32        4
    misc.o                      196
    port.o                      452        8        9
    portasm.o                   148
    queue.o                   1 724
    startup_stm32l1xx_hd.o      400
    stm32_it.o                  866
    stm32l1xx_dma.o             440
    stm32l1xx_exti.o            188
    stm32l1xx_flash.o           316
    stm32l1xx_gpio.o            258
    stm32l1xx_i2c.o             624
    stm32l1xx_iwdg.o             56
    stm32l1xx_rcc.o             876       28       28
    stm32l1xx_syscfg.o           84
    stm32l1xx_usart.o           574
    system_stm32l1xx.o          372
    tasks.o                   2 956        8      296
    timers.o                  1 000        8       56
    -------------------------------------------------
    Total:                   47 234    1 120   37 471

command line: [2]
    -------------------------------------------------
    Total:

dl7M_tln.a: [3]
    atoi.o                        8
    div.o                        14
    errno.o                      12        4        4
    exit.o                        4
    low_level_init.o              4
    sprintf.o                    52
    strcat.o                     28
    strstr.o                     46
    xprintffull.o             3 538
    xsprout.o                    10
    xstoul.o                    412
    xtls.o                        2
    -------------------------------------------------
    Total:                    4 130        4        4

m7M_tl.a: [4]
    DblAdd.o                    212
    DblCmpGe.o                   46
    DblCmpLe.o                   46
    DblDiv.o                    598
    DblMul.o                    418
    DblSub.o                    384
    DblToI32.o                   88
    I32ToDbl.o                   48
    xdnorm.o                     68
    xdscale.o                   268
    -------------------------------------------------
    Total:                    2 176

rt7M_tl.a: [5]
    ABImemcpy_unaligned.o       118
    ABImemset.o                 102
    I64DivMod.o                 238
    I64DivZer.o                   2
    cexit.o                      10
    cmain.o                      26
    copy_init3.o                 44
    cstartup_M.o                 12
    data_init.o                  40
    memchr.o                     88
    memcmp_unaligned.o           98
    strchr.o                     22
    strcpy_unaligned.o           68
    strlen.o                     54
    zero_init3.o                 64
    -------------------------------------------------
    Total:                      986

shb_l.a: [6]
    exit.o                       20
    -------------------------------------------------
    Total:                       20

    Gaps                         38
    Linker created                        36    4 096
-----------------------------------------------------
    Grand Total:             54 584    1 160   41 571


*******************************************************************************
*** ENTRY LIST
***

Entry                      Address    Size  Type      Object
-----                      -------    ----  ----      ------
.iar.init_table$$Base   0x0800d6c8           --   Gb  - Linker created -
.iar.init_table$$Limit  0x0800d6ec           --   Gb  - Linker created -
?main                   0x0800d70d          Code  Gb  cmain.o [5]
APBAHBPrescTable        0x20000010    0x10  Data  Lc  stm32l1xx_rcc.o [1]
AddString               0x08004443    0x1c  Code  Gb  Common_API.o [1]
Add_MeterRecordToRom    0x08005b19   0x114  Code  Gb  MeterList.o [1]
Add_MeterRecordToRom::Recordbuff
                        0x2000a144     0xc  Data  Lc  MeterList.o [1]
AllCurrentDataRcmd_Func
                        0x080011fd   0x374  Code  Lc  Server188.o [1]
AllCurrentDataRcmd_Func::MeterRcmd_ON
                        0x2000a168     0xc  Data  Lc  Server188.o [1]
AllFreezingDataRcmd_Func
                        0x08001571   0x166  Code  Lc  Server188.o [1]
AllFreezingDataRcmd_Func::MeterRcmd_ON
                        0x2000a174     0xc  Data  Lc  Server188.o [1]
AlterMeterWcmd_Func     0x08001989    0xc6  Code  Lc  Server188.o [1]
BCDToInt8               0x08004309    0x86  Code  Gb  Common_API.o [1]
BinToSting              0x080043d3    0x40  Code  Gb  Common_API.o [1]
CJT188SendBuff          0x20009f2c    0x68  Data  Lc  CJT-188-2004.o [1]
CJT188_2004_AckVerify   0x080067eb    0xc2  Code  Lc  CJT-188-2004.o [1]
CJT188_2004_AckWeit     0x08006735    0xb6  Code  Lc  CJT-188-2004.o [1]
CJT188_2004_AckWeit::buff
                        0x20009e40    0x80  Data  Lc  CJT-188-2004.o [1]
CJT188_2004_AddrVerify  0x080066ad    0x88  Code  Lc  CJT-188-2004.o [1]
CJT188_2004_InPut       0x08006041   0x24a  Code  Gb  CJT-188-2004.o [1]
CJT188_2004_Transfer    0x080068ad    0x52  Code  Lc  CJT-188-2004.o [1]
CJT188_2004_Transfer::sendbuff
                        0x2000a088    0x30  Data  Lc  CJT-188-2004.o [1]
CJT188_2004_frameVerify
                        0x08006593   0x11a  Code  Lc  CJT-188-2004.o [1]
CJT188_2004_init        0x08006025    0x1c  Code  Gb  CJT-188-2004.o [1]
CJT188_Package_AckFrame
                        0x0800696d    0xa2  Code  Lc  CJT-188-2004.o [1]
CJT188_Package_AskFrame
                        0x080068ff    0x6e  Code  Lc  CJT-188-2004.o [1]
CJT188_ReadDataFormNode
                        0x0800628b    0xf6  Code  Gb  CJT-188-2004.o [1]
CJT188_WriteDataToNode  0x08006381    0xb6  Code  Gb  CJT-188-2004.o [1]
CSTACK$$Base            0x20000028           --   Gb  - Linker created -
CSTACK$$Limit           0x20001028           --   Gb  - Linker created -
CleanMeterWcmd_Func     0x08001bb1    0x64  Code  Lc  Server188.o [1]
CloseAllMbus            0x0800860f    0xd8  Code  Gb  SerialPort.o [1]
Comm_send               0x0800894d    0x98  Code  Gb  OnSceneComm.o [1]
ConfigDataRcmd_Func     0x08000997    0x2c  Code  Lc  Server188.o [1]
ConfigDataWcmd_Func     0x08000929    0x6e  Code  Lc  Server188.o [1]
CopyBuff                0x08004433    0x10  Code  Gb  Common_API.o [1]
CreateHandshakeFrame    0x0800028f    0xce  Code  Gb  Server188.o [1]
DATA_EEPROM_FastProgramByte
                        0x0800a4b9    0x3a  Code  Gb  stm32l1xx_flash.o [1]
DATA_EEPROM_Lock        0x0800a4a7    0x12  Code  Gb  stm32l1xx_flash.o [1]
DATA_EEPROM_Unlock      0x0800a487    0x20  Code  Gb  stm32l1xx_flash.o [1]
DMA1_Channel1_IRQHandler
                        0x0800cabb    0x32  Code  Gb  stm32_it.o [1]
DMA1_Channel2_IRQHandler
                        0x0800caed    0x46  Code  Gb  stm32_it.o [1]
DMA1_Channel3_IRQHandler
                        0x0800cb33    0x30  Code  Gb  stm32_it.o [1]
DMA1_Channel4_IRQHandler
                        0x0800cb63    0x48  Code  Gb  stm32_it.o [1]
DMA1_Channel5_IRQHandler
                        0x0800cbab    0x30  Code  Gb  stm32_it.o [1]
DMA1_Channel6_IRQHandler
                        0x0800cbdb    0x30  Code  Gb  stm32_it.o [1]
DMA1_Channel7_IRQHandler
                        0x0800cc0b    0x42  Code  Gb  stm32_it.o [1]
DMA2_Channel1_IRQHandler
                        0x0800ce05     0x2  Code  Gb  stm32_it.o [1]
DMA2_Channel2_IRQHandler
                        0x0800ce07     0x2  Code  Gb  stm32_it.o [1]
DMA2_Channel3_IRQHandler
                        0x0800ce09     0x2  Code  Gb  stm32_it.o [1]
DMA_Cmd                 0x0800ae69    0x1c  Code  Gb  stm32l1xx_dma.o [1]
DMA_DeInit              0x0800ad21   0x10a  Code  Gb  stm32l1xx_dma.o [1]
DMA_GetCurrDataCounter  0x0800ae85     0x6  Code  Gb  stm32l1xx_dma.o [1]
DMA_ITConfig            0x0800ae8b    0x16  Code  Gb  stm32l1xx_dma.o [1]
DMA_Init                0x0800ae2b    0x3e  Code  Gb  stm32l1xx_dma.o [1]
DMA_TC_Interrupt_USART  0x08007681   0x290  Code  Gb  SerialPort.o [1]
DMA_TE_Interrupt_USART  0x080074b7   0x1c2  Code  Gb  SerialPort.o [1]
DeInit_UsartBuff        0x08006a49    0x50  Code  Gb  SerialPort.o [1]
Delay                   0x0800a581     0xa  Code  Lc  MB85RC512T.o [1]
DeleteDataFromUsartBuff
                        0x08006b8b    0x72  Code  Gb  SerialPort.o [1]
DeleteMeterWcmd_Func    0x08001a4f   0x162  Code  Lc  Server188.o [1]
EEROM_Read              0x0800567d    0x1a  Code  Gb  DriverPcb.o [1]
EEROM_Write             0x08005697    0x44  Code  Gb  DriverPcb.o [1]
EXTI0_IRQHandler        0x0800cab1     0x2  Code  Gb  stm32_it.o [1]
EXTI15_10_IRQHandler    0x0800cdf5     0x2  Code  Gb  stm32_it.o [1]
EXTI1_IRQHandler        0x0800cab3     0x2  Code  Gb  stm32_it.o [1]
EXTI2_IRQHandler        0x0800cab5     0x2  Code  Gb  stm32_it.o [1]
EXTI3_IRQHandler        0x0800cab7     0x2  Code  Gb  stm32_it.o [1]
EXTI4_IRQHandler        0x0800cab9     0x2  Code  Gb  stm32_it.o [1]
EXTI9_5_IRQHandler      0x0800cc4d    0x40  Code  Gb  stm32_it.o [1]
EXTI_ClearFlag          0x0800b093     0x6  Code  Gb  stm32l1xx_exti.o [1]
EXTI_GetFlagStatus      0x0800b079    0x1a  Code  Gb  stm32l1xx_exti.o [1]
EXTI_Init               0x0800aff1    0x88  Code  Gb  stm32l1xx_exti.o [1]
Err_MeterNo             0x2000a250     0x2  Data  Gb  MeterList.o [1]
FLASH_GetStatus         0x0800a4f3    0x36  Code  Gb  stm32l1xx_flash.o [1]
FLASH_IRQHandler        0x0800caad     0x2  Code  Gb  stm32_it.o [1]
FLASH_PrefetchBufferCmd
                        0x0800a45d    0x2a  Code  Gb  stm32l1xx_flash.o [1]
FLASH_SetLatency        0x0800a445    0x18  Code  Gb  stm32l1xx_flash.o [1]
FLASH_WaitForLastOperation
                        0x0800a545    0x3c  Code  Gb  stm32l1xx_flash.o [1]
FRAM_I2C_Rset           0x0800a673    0x3e  Code  Gb  MB85RC512T.o [1]
FRAM_PageRead           0x0800a8fd   0x1b6  Code  Gb  MB85RC512T.o [1]
FRAM_PageWrite          0x0800a7c1   0x13c  Code  Gb  MB85RC512T.o [1]
FRAM_WaitEepromStandbyState
                        0x0800a6b1   0x110  Code  Lc  MB85RC512T.o [1]
FactorySettings         0x0800ce63    0xc0  Code  Gb  main.o [1]
Fram_xMutex             0x2000a1f4     0x4  Data  Gb  SystemInit.o [1]
Frame_Pack              0x08000157    0x62  Code  Lc  Server188.o [1]
FreeBuffFormPort        0x08006b1f    0x6c  Code  Gb  SerialPort.o [1]
FullReadingTime         0x2000a200     0x4  Data  Lc  SystemInit.o [1]
GPIO_Configuration      0x0800d189    0x7e  Code  Gb  MCU_Config.o [1]
GPIO_Init               0x08009ce9    0xa4  Code  Gb  stm32l1xx_gpio.o [1]
GPIO_PinAFConfig        0x08009d91    0x5a  Code  Gb  stm32l1xx_gpio.o [1]
GPIO_ResetBits          0x08009d8d     0x4  Code  Gb  stm32l1xx_gpio.o [1]
GPRS_LinkCloseFunc      0x080036e5    0xd2  Code  Lc  Gprs.o [1]
GPRS_ReceiveFunc        0x080037b7    0x42  Code  Lc  Gprs.o [1]
GetDataFromUsart        0x08006a99    0x86  Code  Gb  SerialPort.o [1]
Get_UsartBuff           0x08006bfd    0x8e  Code  Lc  SerialPort.o [1]
GprsData_length         0x2000a1b0     0x4  Data  Lc  Gprs.o [1]
GprsDisplay_func        0x080037fd    0xb6  Code  Gb  Gprs.o [1]
GprsIP_SendFunc         0x08003f2f    0x66  Code  Gb  Gprs.o [1]
GprsQueue               0x2000a1e8     0x4  Data  Gb  SystemInit.o [1]
GprsRcmd_Func           0x08000a31    0x2e  Code  Lc  Server188.o [1]
GprsTask                0x2000a1dc     0x4  Data  Gb  SystemInit.o [1]
GprsTask_MonitorTimer   0x2000a254     0x2  Data  Gb  SystemInit.o [1]
GprsTask_func           0x08003e49    0xe6  Code  Gb  Gprs.o [1]
GprsWcmd_Func           0x080009c3    0x6e  Code  Lc  Server188.o [1]
Gprs_buff               0x20008038  0x1000  Data  Lc  Gprs.o [1]
Gprs_xMutex             0x2000a1f0     0x4  Data  Gb  SystemInit.o [1]
GuideReportAllCurrentData
                        0x0800220d    0x4e  Code  Gb  Server188.o [1]
HandServer              0x080089e5   0x164  Code  Lc  OnSceneComm.o [1]
I2C1_ER_IRQHandler      0x0800cc95     0x2  Code  Gb  stm32_it.o [1]
I2C1_EV_IRQHandler      0x0800cc93     0x2  Code  Gb  stm32_it.o [1]
I2C2_ER_IRQHandler      0x0800cc99     0x2  Code  Gb  stm32_it.o [1]
I2C2_EV_IRQHandler      0x0800cc97     0x2  Code  Gb  stm32_it.o [1]
I2C_8563_ByteWrite      0x080051a9    0xc4  Code  Gb  PCF8563.o [1]
I2C_8563_byteRead       0x0800526d   0x142  Code  Gb  PCF8563.o [1]
I2C_AcknowledgeConfig   0x0800a361    0x1c  Code  Gb  stm32l1xx_i2c.o [1]
I2C_CheckEvent          0x0800a3b9    0x38  Code  Gb  stm32l1xx_i2c.o [1]
I2C_ClearFlag           0x0800a437     0xe  Code  Gb  stm32l1xx_i2c.o [1]
I2C_Cmd                 0x0800a30d    0x1c  Code  Gb  stm32l1xx_i2c.o [1]
I2C_Config_FRAM24CLXX   0x0800a58b    0xca  Code  Lc  MB85RC512T.o [1]
I2C_Config_PCF8563      0x080050f3    0x98  Code  Lc  PCF8563.o [1]
I2C_DeInit              0x0800a1d5    0x36  Code  Gb  stm32l1xx_i2c.o [1]
I2C_GenerateSTART       0x0800a329    0x1c  Code  Gb  stm32l1xx_i2c.o [1]
I2C_GenerateSTOP        0x0800a345    0x1c  Code  Gb  stm32l1xx_i2c.o [1]
I2C_GetFlagStatus       0x0800a3f1    0x46  Code  Gb  stm32l1xx_i2c.o [1]
I2C_Init                0x0800a20b    0xf2  Code  Gb  stm32l1xx_i2c.o [1]
I2C_ReadRegister        0x0800a39f    0x1a  Code  Gb  stm32l1xx_i2c.o [1]
I2C_ReceiveData         0x0800a399     0x6  Code  Gb  stm32l1xx_i2c.o [1]
I2C_Rset_FRAM24CLXX     0x0800a655    0x1e  Code  Lc  MB85RC512T.o [1]
I2C_Rset_PCF8563        0x0800518b    0x1e  Code  Lc  PCF8563.o [1]
I2C_Send7bitAddress     0x0800a37d    0x16  Code  Gb  stm32l1xx_i2c.o [1]
I2C_SendData            0x0800a393     0x6  Code  Gb  stm32l1xx_i2c.o [1]
I2C_SlaverAddress       0x20000025     0x1  Data  Lc  MB85RC512T.o [1]
IDLE_Interrupt_USART    0x08007043   0x474  Code  Gb  SerialPort.o [1]
IP32ToString            0x08003ff1    0xa6  Code  Lc  Gprs.o [1]
IWDG_Enable             0x0800b0cf     0xa  Code  Gb  stm32l1xx_iwdg.o [1]
IWDG_ReloadCounter      0x0800b0c5     0xa  Code  Gb  stm32l1xx_iwdg.o [1]
IWDG_SetPrescaler       0x0800b0b5     0x8  Code  Gb  stm32l1xx_iwdg.o [1]
IWDG_SetReload          0x0800b0bd     0x8  Code  Gb  stm32l1xx_iwdg.o [1]
IWDG_WriteAccessCmd     0x0800b0ad     0x8  Code  Gb  stm32l1xx_iwdg.o [1]
InputBuff               0x2000a1b4     0x4  Data  Lc  Gprs.o [1]
Int8ToBCD               0x0800428d    0x7c  Code  Gb  Common_API.o [1]
IntToString             0x0800438f    0x44  Code  Gb  Common_API.o [1]
Launch_GPRS             0x08003d7d    0xc0  Code  Gb  Gprs.o [1]
Launch_GPRS::Launch_CNT
                        0x20000024     0x1  Data  Lc  Gprs.o [1]
Launch_Systerm          0x0800948d   0x228  Code  Gb  SystemInit.o [1]
Launch_USART            0x0800791d   0x656  Code  Gb  SerialPort.o [1]
Led1Task                0x2000a204     0x4  Data  Lc  SystemInit.o [1]
Led1_Task               0x080096b5    0x2a  Code  Lc  SystemInit.o [1]
LoadInt                 0x0800b68b    0x6e  Code  Lc  xprintffull.o [3]
MCU_init                0x0800d215    0x10  Code  Gb  MCU_Config.o [1]
ManualQueue             0x2000a1e4     0x4  Data  Gb  SystemInit.o [1]
ManualTask              0x2000a1d8     0x4  Data  Gb  SystemInit.o [1]
ManualTask_MonitorTimer
                        0x2000a256     0x2  Data  Gb  SystemInit.o [1]
ManualTask_func         0x0800d599    0x50  Code  Gb  Manual.o [1]
Manual_buff             0x2000a048    0x40  Data  Lc  Manual.o [1]
Manual_datalength       0x2000a1cc     0x4  Data  Lc  Manual.o [1]
MarkString              0x080044bf    0x3e  Code  Gb  Common_API.o [1]
MbusMonitor_EN          0x2000a25a     0x1  Data  Gb  CJT-188-2004.o [1]
MbusReceiveQueue        0x2000a1ec     0x4  Data  Gb  SystemInit.o [1]
MbusStatus              0x2000a25f     0x1  Data  Gb  SerialPort.o [1]
Mbus_IdleTime           0x2000a252     0x2  Data  Gb  SerialPort.o [1]
Mbus_xMutex             0x2000a1f8     0x4  Data  Gb  SystemInit.o [1]
MeterErrRcmd_Func       0x08000d71    0x34  Code  Lc  Server188.o [1]
MeterListSpec_errflg    0x2000a25c     0x1  Data  Gb  MeterList.o [1]
MeterList_errflg        0x2000a25d     0x1  Data  Gb  MeterList.o [1]
MeterRcmd_Func          0x08000bbf   0x1a8  Code  Lc  Server188.o [1]
MeterRcmd_Func::MeterRcmd_ON
                        0x2000a15c     0xc  Data  Lc  Server188.o [1]
MeterWcmd_Func          0x08000a5f   0x160  Code  Lc  Server188.o [1]
ModeInitConfig          0x08003b85   0x13c  Code  Lc  Gprs.o [1]
NVIC_Configuration      0x0800d0bf    0xca  Code  Gb  MCU_Config.o [1]
NVIC_Init               0x0800aee3    0x6a  Code  Gb  misc.o [1]
NVIC_PriorityGroupConfig
                        0x0800aed9     0xa  Code  Gb  misc.o [1]
NVIC_SetPriority        0x0800ce0d    0x26  Code  Lc  main.o [1]
NVIC_SetVectorTable     0x0800af4d     0xc  Code  Gb  misc.o [1]
OFF_GPRS                0x08003ccd    0xac  Code  Gb  Gprs.o [1]
OpenSingleMbus          0x080086ed    0xb2  Code  Gb  SerialPort.o [1]
OperateRcmd_0N          0x2000a150     0xc  Data  Lc  Server188.o [1]
OperateRcmd_Func        0x08000fc5   0x20e  Code  Lc  Server188.o [1]
OperateWcmd_Func        0x08000da5   0x20e  Code  Lc  Server188.o [1]
OverLoadFlg             0x2000a1d4     0x4  Data  Gb  SerialPort.o [1]
OverLoad_timer          0x2000a1a0     0x8  Data  Gb  SerialPort.o [1]
PCF8563_Read_time       0x0800552d   0x12e  Code  Gb  PCF8563.o [1]
PCF8563_Set_Time        0x080053af   0x17e  Code  Gb  PCF8563.o [1]
PLLMulTable             0x20000004     0xc  Data  Lc  stm32l1xx_rcc.o [1]
PVD_IRQHandler          0x0800caab     0x2  Code  Gb  stm32_it.o [1]
PatrolTask              0x08002035   0x1d8  Code  Gb  Server188.o [1]
PatrolTask::flg         0x2000a261     0x1  Data  Lc  Server188.o [1]
PendSV_Handler          0x08008ef1          Code  Gb  portasm.o [1]
PortInit                0x080038b3    0x4e  Code  Lc  Gprs.o [1]
RCC_AHBPeriphClockCmd   0x08009bbf    0x1e  Code  Gb  stm32l1xx_rcc.o [1]
RCC_APB1PeriphClockCmd  0x08009bfb    0x1e  Code  Gb  stm32l1xx_rcc.o [1]
RCC_APB1PeriphResetCmd  0x08009c37    0x1e  Code  Gb  stm32l1xx_rcc.o [1]
RCC_APB2PeriphClockCmd  0x08009bdd    0x1e  Code  Gb  stm32l1xx_rcc.o [1]
RCC_APB2PeriphResetCmd  0x08009c19    0x1e  Code  Gb  stm32l1xx_rcc.o [1]
RCC_Configuration       0x0800d05d    0x62  Code  Gb  MCU_Config.o [1]
RCC_DeInit              0x0800997d    0x5e  Code  Gb  stm32l1xx_rcc.o [1]
RCC_GetClocksFreq       0x08009ab5   0x10a  Code  Gb  stm32l1xx_rcc.o [1]
RCC_GetFlagStatus       0x08009c55    0x46  Code  Gb  stm32l1xx_rcc.o [1]
RCC_GetSYSCLKSource     0x08009a5f     0xc  Code  Gb  stm32l1xx_rcc.o [1]
RCC_HCLKConfig          0x08009a6b    0x18  Code  Gb  stm32l1xx_rcc.o [1]
RCC_HSEConfig           0x080099db    0x10  Code  Gb  stm32l1xx_rcc.o [1]
RCC_IRQHandler          0x0800caaf     0x2  Code  Gb  stm32_it.o [1]
RCC_PCLK1Config         0x08009a83    0x18  Code  Gb  stm32l1xx_rcc.o [1]
RCC_PCLK2Config         0x08009a9b    0x1a  Code  Gb  stm32l1xx_rcc.o [1]
RCC_PLLCmd              0x08009a3d     0xa  Code  Gb  stm32l1xx_rcc.o [1]
RCC_PLLConfig           0x08009a2b    0x12  Code  Gb  stm32l1xx_rcc.o [1]
RCC_SYSCLKConfig        0x08009a47    0x18  Code  Gb  stm32l1xx_rcc.o [1]
RCC_WaitForHSEStartUp   0x080099eb    0x40  Code  Gb  stm32l1xx_rcc.o [1]
RXNE_Interrupt_USART    0x08006e81   0x1c2  Code  Gb  SerialPort.o [1]
ReadAddress_AckFill     0x08006437    0x2e  Code  Lc  CJT-188-2004.o [1]
ReadMeterRecordFormAddr
                        0x080059c3    0x46  Code  Gb  MeterList.o [1]
ReadMeterRecordFormAddrAndLink
                        0x08005a09    0x74  Code  Gb  MeterList.o [1]
ReadMeterRecordFormRom  0x0800594d    0x76  Code  Gb  MeterList.o [1]
ReadMeterValueFormRom   0x08005d2d    0x74  Code  Gb  MeterList.o [1]
ReadTask                0x08001df5   0x22c  Code  Gb  Server188.o [1]
Read_MeterListSpecFormRom
                        0x08005871    0x5e  Code  Gb  MeterList.o [1]
ReadingMeterState       0x2000a260     0x1  Data  Gb  Server188.o [1]
ReadingSteup_Func       0x08001d53     0xa  Code  Lc  Server188.o [1]
ReadingWcmd_Func        0x080011d3    0x2a  Code  Lc  Server188.o [1]
Reconnection            0x08008b49    0xb8  Code  Lc  OnSceneComm.o [1]
Region$$Table$$Base     0x0800d6c8           --   Gb  - Linker created -
Region$$Table$$Limit    0x0800d6ec           --   Gb  - Linker created -
ReportAllCurrentDataFinish
                        0x20000026     0x1  Data  Gb  Server188.o [1]
SDIO_IRQHandler         0x0800cdf7     0x2  Code  Gb  stm32_it.o [1]
SER_PV                  0x2000a25b     0x1  Data  Lc  CJT-188-2004.o [1]
SPI1_IRQHandler         0x0800cc9b     0x2  Code  Gb  stm32_it.o [1]
SPI2_IRQHandler         0x0800cc9d     0x2  Code  Gb  stm32_it.o [1]
SPI3_IRQHandler         0x0800cdfb     0x2  Code  Gb  stm32_it.o [1]
SVC_Handler             0x08008f43          Code  Gb  portasm.o [1]
SYSCFG_EXTILineConfig   0x0800af9d    0x50  Code  Gb  stm32l1xx_syscfg.o [1]
SeekChar                0x0800445f    0x28  Code  Gb  Common_API.o [1]
SeekIsDigit             0x08004487    0x24  Code  Gb  Common_API.o [1]
SeekMarkString          0x080044fd    0x5e  Code  Gb  Common_API.o [1]
Server188Hand_AckVerify
                        0x0800035d    0xa6  Code  Gb  Server188.o [1]
Server188_InPut         0x08000403   0x292  Code  Gb  Server188.o [1]
Server188_OutPutBuff    0x20009a38   0x37c  Data  Lc  Server188.o [1]
Server188_SPCP_init     0x08000125    0x32  Code  Gb  Server188.o [1]
Server188_Send          0x08001c15    0x58  Code  Gb  Server188.o [1]
Server188_SendErr       0x08001d5d    0x7e  Code  Gb  Server188.o [1]
Server188_SendErr::SER  0x20000027     0x1  Data  Lc  Server188.o [1]
Server188_frameVerify   0x08000695    0x8a  Code  Gb  Server188.o [1]
Server1Task             0x2000a1e0     0x4  Data  Gb  SystemInit.o [1]
ServerInit              0x08008d1f    0xba  Code  Lc  OnSceneComm.o [1]
ServerQueue             0x2000a1a8     0x8  Data  Gb  SystemInit.o [1]
ServerRecBuff           0x20007028  0x1010  Data  Gb  OnSceneComm.o [1]
ServerState             0x2000a188     0x8  Data  Gb  OnSceneComm.o [1]
ServerTask_MonitorTimer
                        0x2000a1fc     0x4  Data  Gb  SystemInit.o [1]
Server_Task             0x08008c01   0x11e  Code  Gb  OnSceneComm.o [1]
SetSysClock             0x0800d277    0xf8  Code  Lc  system_stm32l1xx.o [1]
SilenceTimer            0x2000a190     0x8  Data  Gb  OnSceneComm.o [1]
SingCurrentDataRcmd_Func
                        0x080016e5   0x1c2  Code  Lc  Server188.o [1]
SingFreezingDataRcmd_Func
                        0x080018c1    0xc8  Code  Lc  Server188.o [1]
StingToBin              0x08004413    0x20  Code  Gb  Common_API.o [1]
StringDel               0x080044ab    0x14  Code  Gb  Common_API.o [1]
StringIPtoU32           0x08004097    0x86  Code  Lc  Gprs.o [1]
SysTick_CLKSourceConfig
                        0x0800af59    0x20  Code  Gb  misc.o [1]
SysTick_Config          0x0800ce33    0x30  Code  Lc  main.o [1]
SysTick_Handler         0x080090ad    0x1e  Code  Gb  port.o [1]
SystemInit              0x0800d225    0x52  Code  Gb  system_stm32l1xx.o [1]
SystemLoad              0x0800cf23    0x56  Code  Gb  main.o [1]
SystemTimer             0x2000a198     0x8  Data  Gb  PCF8563.o [1]
Systerm_INIT            0x08009439    0x54  Code  Gb  SystemInit.o [1]
TC_Interrupt_USART      0x08006deb    0x96  Code  Gb  SerialPort.o [1]
TIM2_IRQHandler         0x0800cc8d     0x2  Code  Gb  stm32_it.o [1]
TIM3_IRQHandler         0x0800cc8f     0x2  Code  Gb  stm32_it.o [1]
TIM4_IRQHandler         0x0800cc91     0x2  Code  Gb  stm32_it.o [1]
TIM5_IRQHandler         0x0800cdf9     0x2  Code  Gb  stm32_it.o [1]
TIM6_IRQHandler         0x0800ce01     0x2  Code  Gb  stm32_it.o [1]
TIM7_IRQHandler         0x0800ce03     0x2  Code  Gb  stm32_it.o [1]
TXE_Interrupt_USART     0x08006c8b   0x160  Code  Gb  SerialPort.o [1]
TaskLose                0x2000a262     0x1  Data  Gb  SystemInit.o [1]
TimeRcmd_Func           0x0800088d    0x9c  Code  Lc  Server188.o [1]
TimeWcmd_Func           0x0800071f   0x16e  Code  Lc  Server188.o [1]
UART4_IRQHandler        0x0800cdfd     0x2  Code  Gb  stm32_it.o [1]
UART5_IRQHandler        0x0800cdff     0x2  Code  Gb  stm32_it.o [1]
USART1_IRQHandler       0x0800cc9f    0x5a  Code  Gb  stm32_it.o [1]
USART2_IRQHandler       0x0800ccf9    0x5a  Code  Gb  stm32_it.o [1]
USART3_IRQHandler       0x0800cd53    0x5a  Code  Gb  stm32_it.o [1]
USART_ClearITPendingBit
                        0x0800acf9    0x26  Code  Gb  stm32l1xx_usart.o [1]
USART_Cmd               0x0800ac71    0x1c  Code  Gb  stm32l1xx_usart.o [1]
USART_Config            0x0800d6a4    0x24  Data  Gb  SerialPort.o [1]
USART_DMACmd            0x0800ac8d    0x16  Code  Gb  stm32l1xx_usart.o [1]
USART_DeInit            0x0800aae1    0x90  Code  Gb  stm32l1xx_usart.o [1]
USART_Des               0x20009ec0    0x6c  Data  Lc  SerialPort.o [1]
USART_ITConfig          0x0800aca3    0x56  Code  Gb  stm32l1xx_usart.o [1]
USART_Init              0x0800ab71    0xe8  Code  Gb  stm32l1xx_usart.o [1]
USART_buff              0x20009038   0xa00  Data  Lc  SerialPort.o [1]
UsartstartSend          0x0800838b    0xaa  Code  Lc  SerialPort.o [1]
VersionInfo             0x0800d8cc     0xc  Data  Gb  main.o [1]
WWDG_IRQHandler         0x0800caa9     0x2  Code  Gb  stm32_it.o [1]
WriteAddress_AckFill    0x08006465    0x74  Code  Lc  CJT-188-2004.o [1]
WriteDtatToServerRecBuff
                        0x08008dd9    0xf0  Code  Gb  OnSceneComm.o [1]
_188_ConcenConfigData   0x20009ffc    0x4c  Data  Gb  Server188.o [1]
_CIFSR_func             0x08002ec1    0xd2  Code  Gb  Gprs.o [1]
_CIICR_func             0x08002d35    0xb2  Code  Gb  Gprs.o [1]
_CIPCLOSE_func          0x08003535   0x13e  Code  Gb  Gprs.o [1]
_CIPMUX_func            0x08002de7    0xc6  Code  Gb  Gprs.o [1]
_CIPSEND_func           0x080032e9   0x244  Code  Gb  Gprs.o [1]
_CIPSTART_func          0x08002f9d   0x336  Code  Gb  Gprs.o [1]
_CREG_func              0x08002ad9   0x186  Code  Gb  Gprs.o [1]
_CSQ_func               0x08002955   0x17e  Code  Gb  Gprs.o [1]
_CSTT_func              0x08002c5f    0xd2  Code  Gb  Gprs.o [1]
_GenldFull              0x0800bc05   0x26a  Code  Lc  xprintffull.o [3]
_LdtobFull              0x0800b805   0x3fa  Code  Lc  xprintffull.o [3]
_LitobFull              0x0800b6f9   0x10a  Code  Lc  xprintffull.o [3]
_PrintfFull             0x0800b0e5   0x5a0  Code  Gb  xprintffull.o [3]
_PutcharsFull           0x0800be6f    0x2e  Code  Lc  xprintffull.o [3]
_SProut                 0x08004193     0xa  Code  Gb  xsprout.o [3]
_SyncRate_func          0x08003679    0x6a  Code  Gb  Gprs.o [1]
__aeabi_cdcmple         0x0800c245          Code  Gb  DblCmpLe.o [4]
__aeabi_cdrcmple        0x0800c275          Code  Gb  DblCmpGe.o [4]
__aeabi_d2iz            0x0800c3b1          Code  Gb  DblToI32.o [4]
__aeabi_d2uiz           0x0800c3dd          Code  Gb  DblToI32.o [4]
__aeabi_ddiv            0x0800c75d          Code  Gb  DblDiv.o [4]
__aeabi_dmul            0x0800c5b9          Code  Gb  DblMul.o [4]
__aeabi_dsub            0x0800c439          Code  Gb  DblSub.o [4]
__aeabi_errno_addr      0x0800c9c1     0x6  Code  Gb  errno.o [3]
__aeabi_i2d             0x0800c409          Code  Gb  I32ToDbl.o [4]
__aeabi_ldiv0           0x0800c9cd          Code  Gb  I64DivZer.o [5]
__aeabi_memset          0x08005809          Code  Gb  ABImemset.o [5]
__aeabi_ui2d            0x0800c41d          Code  Gb  I32ToDbl.o [4]
__aeabi_uldivmod        0x0800c111          Code  Gb  I64DivMod.o [5]
__cmain                 0x0800d70d          Code  Gb  cmain.o [5]
__exit                  0x0800d73d    0x14  Code  Gb  exit.o [6]
__iar_Dnorm             0x0800c1ff    0x44  Code  Gb  xdnorm.o [4]
__iar_Dscale            0x0800c2a5   0x10c  Code  Gb  xdscale.o [4]
__iar_Errno             0x20000020     0x4  Data  Gb  errno.o [3]
__iar_Memchr            0x0800c0b9          Code  Gb  memchr.o [5]
__iar_Memset            0x08005809          Code  Gb  ABImemset.o [5]
__iar_Memset_word       0x08005811          Code  Gb  ABImemset.o [5]
__iar_Stoul             0x0800c02d     0x4  Code  Gb  xstoul.o [3]
__iar_Stoulx            0x0800bee5   0x142  Code  Gb  xstoul.o [3]
__iar_Strchr            0x0800995d          Code  Gb  strchr.o [5]
__iar_Strstr            0x0800beb7    0x2e  Code  Gb  strstr.o [3]
__iar_copy_init3        0x0800d629    0x2c  Code  Gb  copy_init3.o [5]
__iar_d2uiz             0x0800c3e9          Code  Gb  DblToI32.o [4]
__iar_dadd              0x0800c9d1          Code  Gb  DblAdd.o [4]
__iar_data_init3        0x0800d655    0x28  Code  Gb  data_init.o [5]
__iar_dlib_perthread_access
                        0x0800caa5     0x2  Code  Gb  xtls.o [3]
__iar_dsub              0x0800c44d          Code  Gb  DblSub.o [4]
__iar_dsubStart         0x0800c45f          Code  Gb  DblSub.o [4]
__iar_program_start     0x0800d909          Code  Gb  cstartup_M.o [5]
__iar_ui2d              0x0800c421          Code  Gb  I32ToDbl.o [4]
__iar_unaligned___aeabi_memcpy
                        0x0800411d          Code  Gb  ABImemcpy_unaligned.o [5]
__iar_unaligned___aeabi_memcpy4
                        0x0800413d          Code  Gb  ABImemcpy_unaligned.o [5]
__iar_unaligned___aeabi_memcpy8
                        0x0800413d          Code  Gb  ABImemcpy_unaligned.o [5]
__iar_unaligned_memcmp  0x080057a5          Code  Gb  memcmp_unaligned.o [5]
__iar_unaligned_strcpy  0x0800d019          Code  Gb  strcpy_unaligned.o [5]
__iar_zero_init3        0x0800d5e9    0x40  Code  Gb  zero_init3.o [5]
__low_level_init        0x0800d727     0x4  Code  Gb  low_level_init.o [3]
__vector_table          0x08000000          Data  Gb  startup_stm32l1xx_hd.o [1]
_call_main              0x0800d719          Code  Gb  cmain.o [5]
_exit                   0x0800d731          Code  Gb  cexit.o [5]
_main                   0x0800d723          Code  Gb  cmain.o [5]
activateReceiveByDMA_USART
                        0x08008127   0x264  Code  Gb  SerialPort.o [1]
activateReceiveByIT_USART
                        0x08007f81   0x1a6  Code  Gb  SerialPort.o [1]
atoi                    0x08009973     0x8  Code  Gb  atoi.o [3]
auchCRCHi               0x0800d398   0x100  Data  Gb  Common_API.o [1]
auchCRCLo               0x0800d498   0x100  Data  Gb  Common_API.o [1]
closeServer             0x08003a7d    0xec  Code  Gb  Gprs.o [1]
config_Mbus             0x08008835    0xf6  Code  Gb  SerialPort.o [1]
config_Mbus_188         0x08001c6d    0xe6  Code  Lc  Server188.o [1]
connectServer           0x08003945   0x12e  Code  Gb  Gprs.o [1]
crc16                   0x0800419d    0x3c  Code  Gb  Common_API.o [1]
delay_us                0x080050e9     0xa  Code  Lc  PCF8563.o [1]
delete_MeterRecordFormRom
                        0x08005c2d   0x100  Code  Gb  MeterList.o [1]
digits                  0x0800c030    0x28  Data  Lc  xstoul.o [3]
div                     0x0800c9b3     0xe  Code  Gb  div.o [3]
exit                    0x0800d72b     0x4  Code  Gb  exit.o [3]
freeServer188SendBuff   0x0800022d    0x62  Code  Gb  Server188.o [1]
free_CJT188SendBuff     0x08006533    0x58  Code  Lc  CJT-188-2004.o [1]
getChannelNumberForID   0x0800658b     0x8  Code  Lc  CJT-188-2004.o [1]
getDaysInMonth          0x080041e1    0xac  Code  Gb  Common_API.o [1]
getGprs_IdleCIP         0x08003905    0x2e  Code  Gb  Gprs.o [1]
getServer188SendBuff    0x080001b9    0x74  Code  Gb  Server188.o [1]
getState_USART          0x080087b9    0x44  Code  Gb  SerialPort.o [1]
get_CJT188SendBuff      0x080064d9    0x5a  Code  Lc  CJT-188-2004.o [1]
get_ErrInformation      0x08009791    0xac  Code  Gb  SystemInit.o [1]
get_SystemTimer         0x08005763    0x38  Code  Gb  DriverPcb.o [1]
gprs                    0x20009f94    0x68  Data  Gb  Gprs.o [1]
main                    0x0800cf79    0x64  Code  Gb  main.o [1]
memchr                  0x0800c0b9          Code  Gb  memchr.o [5]
ndigs                   0x0800c058    0x28  Data  Lc  xstoul.o [3]
pcInterruptPriorityRegisters
                        0x0800d960     0x4  Data  Lc  port.o [1]
prvAddCurrentTaskToDelayedList
                        0x08004e39    0x4a  Code  Lc  tasks.o [1]
prvAllocateTCBAndStack  0x08004e83    0x3c  Code  Lc  tasks.o [1]
prvCheckForValidListAndQueue
                        0x0800a171    0x48  Code  Lc  timers.o [1]
prvCheckTasksWaitingTermination
                        0x08004dd3    0x66  Code  Lc  tasks.o [1]
prvCopyDataFromQueue    0x08002811    0x30  Code  Lc  queue.o [1]
prvCopyDataToQueue      0x08002775    0x9c  Code  Lc  queue.o [1]
prvDeleteTCB            0x08004ebf    0x12  Code  Lc  tasks.o [1]
prvGetNextExpireTime    0x08009f7b    0x2e  Code  Lc  timers.o [1]
prvHeapInit             0x0800934b    0x6e  Code  Lc  heap_4.o [1]
prvIdleTask             0x08004ce9    0x18  Code  Lc  tasks.o [1]
prvInitialiseTCBVariables
                        0x08004d0d    0x6c  Code  Lc  tasks.o [1]
prvInitialiseTaskLists  0x08004d79    0x5a  Code  Lc  tasks.o [1]
prvInsertBlockIntoFreeList
                        0x080093b9    0x62  Code  Lc  heap_4.o [1]
prvInsertTimerInActiveList
                        0x08009fd1    0x50  Code  Lc  timers.o [1]
prvIsQueueEmpty         0x080028ab    0x20  Code  Lc  queue.o [1]
prvIsQueueFull          0x080028cb    0x22  Code  Lc  queue.o [1]
prvProcessExpiredTimer  0x08009ead    0x50  Code  Lc  timers.o [1]
prvProcessReceivedCommands
                        0x0800a021    0xca  Code  Lc  timers.o [1]
prvProcessTimerOrBlockTask
                        0x08009f17    0x64  Code  Lc  timers.o [1]
prvResetNextTaskUnblockTime
                        0x08004ed1    0x2a  Code  Lc  tasks.o [1]
prvSampleTimeNow        0x08009fa9    0x28  Code  Lc  timers.o [1]
prvSampleTimeNow::xLastTime
                        0x2000a24c     0x4  Data  Lc  timers.o [1]
prvSwitchTimerLists     0x0800a0eb    0x86  Code  Lc  timers.o [1]
prvTaskExitError        0x08008fa1    0x18  Code  Lc  port.o [1]
prvTimerTask            0x08009efd    0x1a  Code  Lc  timers.o [1]
prvUnlockQueue          0x08002841    0x6a  Code  Lc  queue.o [1]
pvPortMalloc            0x080091e9    0xfc  Code  Gb  heap_4.o [1]
pvTaskIncrementMutexHeldCount
                        0x0800507d    0x1e  Code  Gb  tasks.o [1]
pxCurrentTCB            0x2000a208     0x4  Data  Gb  tasks.o [1]
pxCurrentTimerList      0x2000a240     0x4  Data  Lc  timers.o [1]
pxDelayedTaskList       0x2000a20c     0x4  Data  Lc  tasks.o [1]
pxEnd                   0x2000a1b8     0x4  Data  Lc  heap_4.o [1]
pxOverflowDelayedTaskList
                        0x2000a210     0x4  Data  Lc  tasks.o [1]
pxOverflowTimerList     0x2000a244     0x4  Data  Lc  timers.o [1]
pxPortInitialiseStack   0x08008f85    0x1c  Code  Gb  port.o [1]
pxReadyTasksLists       0x20009db4    0x8c  Data  Lc  tasks.o [1]
readFormFRAM            0x0800571f    0x44  Code  Gb  DriverPcb.o [1]
sendBuffByDMA_USART     0x08008435   0x1a0  Code  Gb  SerialPort.o [1]
sendStringByDMA_USART   0x080085d9    0x36  Code  Gb  SerialPort.o [1]
setState_USART          0x080087fd    0x38  Code  Gb  SerialPort.o [1]
sprintf                 0x08009919    0x34  Code  Gb  sprintf.o [3]
strcat                  0x080098fb    0x1c  Code  Gb  strcat.o [3]
strchr                  0x0800995d          Code  Gb  strchr.o [5]
strlen                  0x0800c081          Code  Gb  strlen.o [5]
strstr                  0x0800994d    0x10  Code  Gb  Gprs.o [1]
ucHeap                  0x20001028  0x6000  Data  Lc  heap_4.o [1]
ucMaxSysCallPriority    0x2000a25e     0x1  Data  Lc  port.o [1]
ulMaxPRIGROUPValue      0x2000a1d0     0x4  Data  Lc  port.o [1]
ulPortSetInterruptMask  0x08008f2f          Code  Gb  portasm.o [1]
uxCriticalNesting       0x20000000     0x4  Data  Lc  port.o [1]
uxCurrentNumberOfTasks  0x2000a218     0x4  Data  Lc  tasks.o [1]
uxListRemove            0x080091bf    0x28  Code  Gb  list.o [1]
uxPendedTicks           0x2000a228     0x4  Data  Lc  tasks.o [1]
uxSchedulerSuspended    0x2000a23c     0x4  Data  Lc  tasks.o [1]
uxTaskNumber            0x2000a234     0x4  Data  Lc  tasks.o [1]
uxTasksDeleted          0x2000a214     0x4  Data  Lc  tasks.o [1]
uxTopReadyPriority      0x2000a220     0x4  Data  Lc  tasks.o [1]
vApplicationTickHook    0x080096df    0xae  Code  Gb  SystemInit.o [1]
vApplicationTickHook::OverLoad_CN
                        0x2000a258     0x2  Data  Lc  SystemInit.o [1]
vListInitialise         0x08009149    0x1e  Code  Gb  list.o [1]
vListInitialiseItem     0x08009167     0x6  Code  Gb  list.o [1]
vListInsert             0x08009185    0x3a  Code  Gb  list.o [1]
vListInsertEnd          0x0800916d    0x18  Code  Gb  list.o [1]
vPortClearInterruptMask
                        0x08008f3d          Code  Gb  portasm.o [1]
vPortEnterCritical      0x08009053    0x30  Code  Gb  port.o [1]
vPortExitCritical       0x08009083    0x2a  Code  Gb  port.o [1]
vPortFree               0x080092e5    0x66  Code  Gb  heap_4.o [1]
vPortSetupTimerInterrupt
                        0x0800912d    0x1c  Code  Wk  port.o [1]
vPortStartFirstTask     0x08008f63          Code  Gb  portasm.o [1]
vPortValidateInterruptPriority
                        0x080090cd    0x3e  Code  Gb  port.o [1]
vPortYield              0x08009041    0x12  Code  Gb  port.o [1]
vQueueWaitForMessageRestricted
                        0x08002911    0x44  Code  Gb  queue.o [1]
vTaskDelay              0x0800475f    0x6c  Code  Gb  tasks.o [1]
vTaskDelete             0x080046ab    0xb4  Code  Gb  tasks.o [1]
vTaskMissedYield        0x08004cdd     0xa  Code  Gb  tasks.o [1]
vTaskPlaceOnEventList   0x08004adb    0x6c  Code  Gb  tasks.o [1]
vTaskPlaceOnEventListRestricted
                        0x08004b47    0x6c  Code  Gb  tasks.o [1]
vTaskPriorityInherit    0x08004f27    0xaa  Code  Gb  tasks.o [1]
vTaskSetTimeOutState    0x08004c3d    0x20  Code  Gb  tasks.o [1]
vTaskStartScheduler     0x080047cb    0x62  Code  Gb  tasks.o [1]
vTaskSuspendAll         0x0800482d    0x10  Code  Gb  tasks.o [1]
vTaskSwitchContext      0x08004a6f    0x6c  Code  Gb  tasks.o [1]
weitPortIdle            0x080098cd    0x2e  Code  Gb  SystemInit.o [1]
writeToFRAM             0x080056db    0x44  Code  Gb  DriverPcb.o [1]
write_MeterListSpecToRom
                        0x080058cf    0x7e  Code  Gb  MeterList.o [1]
write_MeterOperateToRom
                        0x08005f11   0x112  Code  Gb  MeterList.o [1]
write_MeterRecordToRom  0x08005a7d    0x9c  Code  Gb  MeterList.o [1]
write_MeterValueToRom   0x08005db5   0x15c  Code  Gb  MeterList.o [1]
xActiveTimerList1       0x2000a11c    0x14  Data  Lc  timers.o [1]
xActiveTimerList2       0x2000a130    0x14  Data  Lc  timers.o [1]
xBlockAllocatedBit      0x2000a1c4     0x4  Data  Lc  heap_4.o [1]
xDelayedTaskList1       0x2000a0b8    0x14  Data  Lc  tasks.o [1]
xDelayedTaskList2       0x2000a0cc    0x14  Data  Lc  tasks.o [1]
xFreeBytesRemaining     0x2000a1bc     0x4  Data  Lc  heap_4.o [1]
xHeapStructSize         0x0800d95c     0x4  Data  Lc  heap_4.o [1]
xLaunch_Systerm         0x2000a1c8     0x4  Data  Lc  main.o [1]
xMinimumEverFreeBytesRemaining
                        0x2000a1c0     0x4  Data  Lc  heap_4.o [1]
xNextTaskUnblockTime    0x2000a238     0x4  Data  Lc  tasks.o [1]
xNumOfOverflows         0x2000a230     0x4  Data  Lc  tasks.o [1]
xPendingReadyList       0x2000a0e0    0x14  Data  Lc  tasks.o [1]
xPortStartScheduler     0x08008fb9    0x88  Code  Gb  port.o [1]
xQueueCreateMutex       0x08002377    0x58  Code  Gb  queue.o [1]
xQueueGenericCreate     0x08002311    0x66  Code  Gb  queue.o [1]
xQueueGenericReceive    0x080025f1   0x184  Code  Gb  queue.o [1]
xQueueGenericReset      0x08002299    0x78  Code  Gb  queue.o [1]
xQueueGenericSend       0x080023cf   0x160  Code  Gb  queue.o [1]
xQueueGenericSendFromISR
                        0x0800252f    0xc2  Code  Gb  queue.o [1]
xQueueIsQueueFullFromISR
                        0x080028ed    0x24  Code  Gb  queue.o [1]
xSchedulerRunning       0x2000a224     0x4  Data  Lc  tasks.o [1]
xStart                  0x2000a180     0x8  Data  Lc  heap_4.o [1]
xSuspendedTaskList      0x2000a108    0x14  Data  Lc  tasks.o [1]
xTaskCheckForTimeOut    0x08004c69    0x74  Code  Gb  tasks.o [1]
xTaskGenericCreate      0x0800455d   0x14e  Code  Gb  tasks.o [1]
xTaskGetSchedulerState  0x08004f01    0x26  Code  Gb  tasks.o [1]
xTaskGetTickCount       0x08004925     0xa  Code  Gb  tasks.o [1]
xTaskIncrementTick      0x0800492f   0x140  Code  Gb  tasks.o [1]
xTaskPriorityDisinherit
                        0x08004fd9    0xa4  Code  Gb  tasks.o [1]
xTaskRemoveFromEventList
                        0x08004bb3    0x7c  Code  Gb  tasks.o [1]
xTaskResumeAll          0x0800483d    0xe8  Code  Gb  tasks.o [1]
xTasksWaitingTermination
                        0x2000a0f4    0x14  Data  Lc  tasks.o [1]
xTickCount              0x2000a21c     0x4  Data  Lc  tasks.o [1]
xTimerCreateTimerTask   0x08009ded    0x46  Code  Gb  timers.o [1]
xTimerGenericCommand    0x08009e33    0x7a  Code  Gb  timers.o [1]
xTimerQueue             0x2000a248     0x4  Data  Lc  timers.o [1]
xYieldPending           0x2000a22c     0x4  Data  Lc  tasks.o [1]


[1] = F:\中科君达\集中器资料\mbus集中器\mbus集中器程序（马先跃修改）20180530\mbus集中器程序\Projects\EWARM\Debug\Obj
[2] = command line
[3] = dl7M_tln.a
[4] = m7M_tl.a
[5] = rt7M_tl.a
[6] = shb_l.a

  54 584 bytes of readonly  code memory
   1 160 bytes of readonly  data memory
  41 571 bytes of readwrite data memory

Errors: none
Warnings: none
