###############################################################################
#
# IAR ELF Linker V7.80.2.11947/W32 for ARM                05/Jan/2019  11:25:30
# Copyright 2007-2016 IAR Systems AB.
#
#    Output file  =  
#        F:\0中科君达\0项目\集中器资料\mbus集中器\mbus集中器程序（CY）\mbus集中器程序\Projects\EWARM\Debug\Exe\Concentrator.out
#    Map file     =  
#        F:\0中科君达\0项目\集中器资料\mbus集中器\mbus集中器程序（CY）\mbus集中器程序\Projects\EWARM\Debug\List\Concentrator.map
#    Command line =  
#        F:\0中科君达\0项目\集中器资料\mbus集中器\mbus集中器程序（CY）\mbus集中器程序\Projects\EWARM\Debug\Obj\CJT-188-2004.o
#        F:\0中科君达\0项目\集中器资料\mbus集中器\mbus集中器程序（CY）\mbus集中器程序\Projects\EWARM\Debug\Obj\Common_API.o
#        F:\0中科君达\0项目\集中器资料\mbus集中器\mbus集中器程序（CY）\mbus集中器程序\Projects\EWARM\Debug\Obj\CRC8.o
#        F:\0中科君达\0项目\集中器资料\mbus集中器\mbus集中器程序（CY）\mbus集中器程序\Projects\EWARM\Debug\Obj\croutine.o
#        F:\0中科君达\0项目\集中器资料\mbus集中器\mbus集中器程序（CY）\mbus集中器程序\Projects\EWARM\Debug\Obj\DriverPcb.o
#        F:\0中科君达\0项目\集中器资料\mbus集中器\mbus集中器程序（CY）\mbus集中器程序\Projects\EWARM\Debug\Obj\event_groups.o
#        F:\0中科君达\0项目\集中器资料\mbus集中器\mbus集中器程序（CY）\mbus集中器程序\Projects\EWARM\Debug\Obj\filter.o
#        F:\0中科君达\0项目\集中器资料\mbus集中器\mbus集中器程序（CY）\mbus集中器程序\Projects\EWARM\Debug\Obj\Gprs.o
#        F:\0中科君达\0项目\集中器资料\mbus集中器\mbus集中器程序（CY）\mbus集中器程序\Projects\EWARM\Debug\Obj\heap_4.o
#        F:\0中科君达\0项目\集中器资料\mbus集中器\mbus集中器程序（CY）\mbus集中器程序\Projects\EWARM\Debug\Obj\list.o
#        F:\0中科君达\0项目\集中器资料\mbus集中器\mbus集中器程序（CY）\mbus集中器程序\Projects\EWARM\Debug\Obj\main.o
#        F:\0中科君达\0项目\集中器资料\mbus集中器\mbus集中器程序（CY）\mbus集中器程序\Projects\EWARM\Debug\Obj\Manual.o
#        F:\0中科君达\0项目\集中器资料\mbus集中器\mbus集中器程序（CY）\mbus集中器程序\Projects\EWARM\Debug\Obj\MB85RC512T.o
#        F:\0中科君达\0项目\集中器资料\mbus集中器\mbus集中器程序（CY）\mbus集中器程序\Projects\EWARM\Debug\Obj\MCU_Config.o
#        F:\0中科君达\0项目\集中器资料\mbus集中器\mbus集中器程序（CY）\mbus集中器程序\Projects\EWARM\Debug\Obj\MeterList.o
#        F:\0中科君达\0项目\集中器资料\mbus集中器\mbus集中器程序（CY）\mbus集中器程序\Projects\EWARM\Debug\Obj\misc.o
#        F:\0中科君达\0项目\集中器资料\mbus集中器\mbus集中器程序（CY）\mbus集中器程序\Projects\EWARM\Debug\Obj\OnSceneComm.o
#        F:\0中科君达\0项目\集中器资料\mbus集中器\mbus集中器程序（CY）\mbus集中器程序\Projects\EWARM\Debug\Obj\PCF8563.o
#        F:\0中科君达\0项目\集中器资料\mbus集中器\mbus集中器程序（CY）\mbus集中器程序\Projects\EWARM\Debug\Obj\port.o
#        F:\0中科君达\0项目\集中器资料\mbus集中器\mbus集中器程序（CY）\mbus集中器程序\Projects\EWARM\Debug\Obj\portasm.o
#        F:\0中科君达\0项目\集中器资料\mbus集中器\mbus集中器程序（CY）\mbus集中器程序\Projects\EWARM\Debug\Obj\queue.o
#        F:\0中科君达\0项目\集中器资料\mbus集中器\mbus集中器程序（CY）\mbus集中器程序\Projects\EWARM\Debug\Obj\SerialPort.o
#        F:\0中科君达\0项目\集中器资料\mbus集中器\mbus集中器程序（CY）\mbus集中器程序\Projects\EWARM\Debug\Obj\Server188.o
#        F:\0中科君达\0项目\集中器资料\mbus集中器\mbus集中器程序（CY）\mbus集中器程序\Projects\EWARM\Debug\Obj\SofTimer.o
#        F:\0中科君达\0项目\集中器资料\mbus集中器\mbus集中器程序（CY）\mbus集中器程序\Projects\EWARM\Debug\Obj\startup_stm32l1xx_hd.o
#        F:\0中科君达\0项目\集中器资料\mbus集中器\mbus集中器程序（CY）\mbus集中器程序\Projects\EWARM\Debug\Obj\stm32_it.o
#        F:\0中科君达\0项目\集中器资料\mbus集中器\mbus集中器程序（CY）\mbus集中器程序\Projects\EWARM\Debug\Obj\stm32l1xx_adc.o
#        F:\0中科君达\0项目\集中器资料\mbus集中器\mbus集中器程序（CY）\mbus集中器程序\Projects\EWARM\Debug\Obj\stm32l1xx_aes.o
#        F:\0中科君达\0项目\集中器资料\mbus集中器\mbus集中器程序（CY）\mbus集中器程序\Projects\EWARM\Debug\Obj\stm32l1xx_aes_util.o
#        F:\0中科君达\0项目\集中器资料\mbus集中器\mbus集中器程序（CY）\mbus集中器程序\Projects\EWARM\Debug\Obj\stm32l1xx_comp.o
#        F:\0中科君达\0项目\集中器资料\mbus集中器\mbus集中器程序（CY）\mbus集中器程序\Projects\EWARM\Debug\Obj\stm32l1xx_crc.o
#        F:\0中科君达\0项目\集中器资料\mbus集中器\mbus集中器程序（CY）\mbus集中器程序\Projects\EWARM\Debug\Obj\stm32l1xx_dac.o
#        F:\0中科君达\0项目\集中器资料\mbus集中器\mbus集中器程序（CY）\mbus集中器程序\Projects\EWARM\Debug\Obj\stm32l1xx_dbgmcu.o
#        F:\0中科君达\0项目\集中器资料\mbus集中器\mbus集中器程序（CY）\mbus集中器程序\Projects\EWARM\Debug\Obj\stm32l1xx_dma.o
#        F:\0中科君达\0项目\集中器资料\mbus集中器\mbus集中器程序（CY）\mbus集中器程序\Projects\EWARM\Debug\Obj\stm32l1xx_exti.o
#        F:\0中科君达\0项目\集中器资料\mbus集中器\mbus集中器程序（CY）\mbus集中器程序\Projects\EWARM\Debug\Obj\stm32l1xx_flash.o
#        F:\0中科君达\0项目\集中器资料\mbus集中器\mbus集中器程序（CY）\mbus集中器程序\Projects\EWARM\Debug\Obj\stm32l1xx_flash_ramfunc.o
#        F:\0中科君达\0项目\集中器资料\mbus集中器\mbus集中器程序（CY）\mbus集中器程序\Projects\EWARM\Debug\Obj\stm32l1xx_fsmc.o
#        F:\0中科君达\0项目\集中器资料\mbus集中器\mbus集中器程序（CY）\mbus集中器程序\Projects\EWARM\Debug\Obj\stm32l1xx_gpio.o
#        F:\0中科君达\0项目\集中器资料\mbus集中器\mbus集中器程序（CY）\mbus集中器程序\Projects\EWARM\Debug\Obj\stm32l1xx_i2c.o
#        F:\0中科君达\0项目\集中器资料\mbus集中器\mbus集中器程序（CY）\mbus集中器程序\Projects\EWARM\Debug\Obj\stm32l1xx_iwdg.o
#        F:\0中科君达\0项目\集中器资料\mbus集中器\mbus集中器程序（CY）\mbus集中器程序\Projects\EWARM\Debug\Obj\stm32l1xx_lcd.o
#        F:\0中科君达\0项目\集中器资料\mbus集中器\mbus集中器程序（CY）\mbus集中器程序\Projects\EWARM\Debug\Obj\stm32l1xx_opamp.o
#        F:\0中科君达\0项目\集中器资料\mbus集中器\mbus集中器程序（CY）\mbus集中器程序\Projects\EWARM\Debug\Obj\stm32l1xx_pwr.o
#        F:\0中科君达\0项目\集中器资料\mbus集中器\mbus集中器程序（CY）\mbus集中器程序\Projects\EWARM\Debug\Obj\stm32l1xx_rcc.o
#        F:\0中科君达\0项目\集中器资料\mbus集中器\mbus集中器程序（CY）\mbus集中器程序\Projects\EWARM\Debug\Obj\stm32l1xx_rtc.o
#        F:\0中科君达\0项目\集中器资料\mbus集中器\mbus集中器程序（CY）\mbus集中器程序\Projects\EWARM\Debug\Obj\stm32l1xx_sdio.o
#        F:\0中科君达\0项目\集中器资料\mbus集中器\mbus集中器程序（CY）\mbus集中器程序\Projects\EWARM\Debug\Obj\stm32l1xx_spi.o
#        F:\0中科君达\0项目\集中器资料\mbus集中器\mbus集中器程序（CY）\mbus集中器程序\Projects\EWARM\Debug\Obj\stm32l1xx_syscfg.o
#        F:\0中科君达\0项目\集中器资料\mbus集中器\mbus集中器程序（CY）\mbus集中器程序\Projects\EWARM\Debug\Obj\stm32l1xx_tim.o
#        F:\0中科君达\0项目\集中器资料\mbus集中器\mbus集中器程序（CY）\mbus集中器程序\Projects\EWARM\Debug\Obj\stm32l1xx_usart.o
#        F:\0中科君达\0项目\集中器资料\mbus集中器\mbus集中器程序（CY）\mbus集中器程序\Projects\EWARM\Debug\Obj\stm32l1xx_wwdg.o
#        F:\0中科君达\0项目\集中器资料\mbus集中器\mbus集中器程序（CY）\mbus集中器程序\Projects\EWARM\Debug\Obj\system_stm32l1xx.o
#        F:\0中科君达\0项目\集中器资料\mbus集中器\mbus集中器程序（CY）\mbus集中器程序\Projects\EWARM\Debug\Obj\SystemInit.o
#        F:\0中科君达\0项目\集中器资料\mbus集中器\mbus集中器程序（CY）\mbus集中器程序\Projects\EWARM\Debug\Obj\tasks.o
#        F:\0中科君达\0项目\集中器资料\mbus集中器\mbus集中器程序（CY）\mbus集中器程序\Projects\EWARM\Debug\Obj\timers.o
#        --redirect _Printf=_PrintfFull --redirect _Scanf=_ScanfFull -o
#        F:\0中科君达\0项目\集中器资料\mbus集中器\mbus集中器程序（CY）\mbus集中器程序\Projects\EWARM\Debug\Exe\Concentrator.out
#        --map
#        F:\0中科君达\0项目\集中器资料\mbus集中器\mbus集中器程序（CY）\mbus集中器程序\Projects\EWARM\Debug\List\Concentrator.map
#        --config "D:\IAR for STM32\arm\config\linker\ST\stm32l151xE.icf"
#        --semihosting --entry __iar_program_start --vfe
#
###############################################################################

*******************************************************************************
*** RUNTIME MODEL ATTRIBUTES
***

CppFlavor       = *
__SystemLibrary = DLib


*******************************************************************************
*** PLACEMENT SUMMARY
***

"A0":  place at 0x08000000 { ro section .intvec };
"P1":  place in [from 0x08000000 to 0x0807ffff] { ro };
"P2":  place in [from 0x20000000 to 0x20013fff] { rw, block CSTACK, block HEAP };
initialize by copy { rw };

  Section             Kind        Address    Size  Object
  -------             ----        -------    ----  ------
"A0":                                       0x124
  .intvec             ro code  0x08000000   0x124  startup_stm32l1xx_hd.o [1]
                             - 0x08000124   0x124

"P1":                                      0xdee4
  .text               ro code  0x08000124  0x20b8  Server188.o [1]
  .text               ro code  0x080021dc   0x6bc  queue.o [1]
  .text               ro code  0x08002898  0x17c8  Gprs.o [1]
  .text               ro code  0x08004060    0x76  ABImemcpy_unaligned.o [5]
  .text               ro code  0x080040d6     0xa  xsprout.o [3]
  .text               ro code  0x080040e0   0x3be  Common_API.o [1]
  .text               ro code  0x080044a0   0xb8c  tasks.o [1]
  .text               ro code  0x0800502c   0x68a  PCF8563.o [1]
  .text               ro code  0x080056b8    0xec  DriverPcb.o [1]
  .text               ro code  0x080057a4    0x62  memcmp_unaligned.o [5]
  .text               ro code  0x08005808    0x66  ABImemset.o [5]
  .text               ro code  0x08005870   0x7b8  MeterList.o [1]
  .text               ro code  0x08006028  0x1050  CJT-188-2004.o [1]
  .text               ro code  0x08007078  0x1f04  SerialPort.o [1]
  .text               ro code  0x08008f7c   0x5a4  OnSceneComm.o [1]
  CODE                ro code  0x08009520    0x94  portasm.o [1]
  .text               ro code  0x080095b4   0x1c4  port.o [1]
  .text               ro code  0x08009778    0x9e  list.o [1]
  .text               ro code  0x08009818   0x250  heap_4.o [1]
  .text               ro code  0x08009a68   0x4be  SystemInit.o [1]
  .text               ro code  0x08009f26    0x1c  strcat.o [3]
  .text               ro code  0x08009f44    0x34  sprintf.o [3]
  .text               ro code  0x08009f78    0x10  Gprs.o [1]
  .text               ro code  0x08009f88    0x16  strchr.o [5]
  .text               ro code  0x08009f9e     0x8  atoi.o [3]
  .text               ro code  0x08009fa8   0x36c  stm32l1xx_rcc.o [1]
  .text               ro code  0x0800a314   0x120  stm32l1xx_gpio.o [1]
  .text               ro code  0x0800a434   0x3e8  timers.o [1]
  .text               ro code  0x0800a81c   0x13c  stm32l1xx_flash.o [1]
  .text               ro code  0x0800a958   0x560  MB85RC512T.o [1]
  .text               ro code  0x0800aeb8   0x23e  stm32l1xx_usart.o [1]
  .text               ro code  0x0800b0f8   0x1b8  stm32l1xx_dma.o [1]
  .text               ro code  0x0800b2b0    0xc4  misc.o [1]
  .text               ro code  0x0800b374    0x54  stm32l1xx_syscfg.o [1]
  .text               ro code  0x0800b3c8    0xbc  stm32l1xx_exti.o [1]
  .text               ro code  0x0800b484    0x38  stm32l1xx_iwdg.o [1]
  .text               ro code  0x0800b4bc   0xdd2  xprintffull.o [3]
  .text               ro code  0x0800c28e    0x2e  strstr.o [3]
  .text               ro code  0x0800c2bc   0x19c  xstoul.o [3]
  .text               ro code  0x0800c458   0x270  stm32l1xx_i2c.o [1]
  .text               ro code  0x0800c6c8    0x36  strlen.o [5]
  .text               ro code  0x0800c700    0x58  memchr.o [5]
  .text               ro code  0x0800c758    0xee  I64DivMod.o [5]
  .text               ro code  0x0800c846    0x44  xdnorm.o [4]
  .text               ro code  0x0800c88c    0x2e  DblCmpLe.o [4]
  .text               ro code  0x0800c8bc    0x2e  DblCmpGe.o [4]
  .text               ro code  0x0800c8ec   0x10c  xdscale.o [4]
  .text               ro code  0x0800c9f8    0x58  DblToI32.o [4]
  .text               ro code  0x0800ca50    0x30  I32ToDbl.o [4]
  .text               ro code  0x0800ca80   0x180  DblSub.o [4]
  .text               ro code  0x0800cc00   0x1a2  DblMul.o [4]
  .text               ro code  0x0800cda4   0x256  DblDiv.o [4]
  .text               ro code  0x0800cffa     0xe  div.o [3]
  .text               ro code  0x0800d008     0xc  errno.o [3]
  .text               ro code  0x0800d014     0x2  I64DivZer.o [5]
  .text               ro code  0x0800d018    0xd4  DblAdd.o [4]
  .text               ro code  0x0800d0ec     0x2  xtls.o [3]
  .text               ro code  0x0800d0f0   0x362  stm32_it.o [1]
  .text               ro code  0x0800d454   0x20c  main.o [1]
  .text               ro code  0x0800d660    0x44  strcpy_unaligned.o [5]
  .text               ro code  0x0800d6a4   0x1c8  MCU_Config.o [1]
  .text               ro code  0x0800d86c   0x174  system_stm32l1xx.o [1]
  .rodata             const    0x0800d9e0   0x100  Common_API.o [1]
  .rodata             const    0x0800dae0   0x100  Common_API.o [1]
  .text               ro code  0x0800dbe0    0x50  Manual.o [1]
  .text               ro code  0x0800dc30    0x40  zero_init3.o [5]
  .text               ro code  0x0800dc70    0x2c  copy_init3.o [5]
  .text               ro code  0x0800dc9c    0x28  data_init.o [5]
  Initializer bytes   const    0x0800dcc4    0x28  <for P2-1>
  .rodata             const    0x0800dcec    0x24  SerialPort.o [1]
  .iar.init_table     const    0x0800dd10    0x24  - Linker created -
  .rodata             const    0x0800dd34    0x20  Server188.o [1]
  .text               ro code  0x0800dd54    0x1a  cmain.o [5]
  .text               ro code  0x0800dd6e     0x4  low_level_init.o [3]
  .text               ro code  0x0800dd72     0x4  exit.o [3]
  .text               ro code  0x0800dd78     0xa  cexit.o [5]
  .text               ro code  0x0800dd84    0x14  exit.o [6]
  .rodata             const    0x0800dd98    0x14  Gprs.o [1]
  .rodata             const    0x0800ddac    0x14  Gprs.o [1]
  .rodata             const    0x0800ddc0    0x10  Gprs.o [1]
  .rodata             const    0x0800ddd0    0x10  Gprs.o [1]
  .rodata             const    0x0800dde0    0x10  Gprs.o [1]
  .rodata             const    0x0800ddf0    0x10  Gprs.o [1]
  .rodata             const    0x0800de00    0x10  Gprs.o [1]
  .rodata             const    0x0800de10    0x10  Gprs.o [1]
  .text               ro code  0x0800de20    0x10  startup_stm32l1xx_hd.o [1]
  .rodata             const    0x0800de30     0xc  Gprs.o [1]
  .rodata             const    0x0800de3c     0xc  Gprs.o [1]
  .rodata             const    0x0800de48     0xc  Gprs.o [1]
  .rodata             const    0x0800de54     0xc  Gprs.o [1]
  .rodata             const    0x0800de60     0xc  Gprs.o [1]
  .rodata             const    0x0800de6c     0xc  Gprs.o [1]
  .rodata             const    0x0800de78     0xc  Gprs.o [1]
  .rodata             const    0x0800de84     0xc  Gprs.o [1]
  .rodata             const    0x0800de90     0xc  Gprs.o [1]
  .rodata             const    0x0800de9c     0xc  Gprs.o [1]
  .rodata             const    0x0800dea8     0xc  Gprs.o [1]
  .rodata             const    0x0800deb4     0xc  Gprs.o [1]
  .rodata             const    0x0800dec0     0xc  Gprs.o [1]
  .rodata             const    0x0800decc     0xc  Gprs.o [1]
  .rodata             const    0x0800ded8     0xc  Gprs.o [1]
  .rodata             const    0x0800dee4     0xc  Gprs.o [1]
  .rodata             const    0x0800def0     0xc  Gprs.o [1]
  .rodata             const    0x0800defc     0xc  Gprs.o [1]
  .rodata             const    0x0800df08     0xc  main.o [1]
  .rodata             const    0x0800df14     0xc  main.o [1]
  .rodata             const    0x0800df20     0xc  SystemInit.o [1]
  .rodata             const    0x0800df2c     0xc  SystemInit.o [1]
  .rodata             const    0x0800df38     0xc  SystemInit.o [1]
  .rodata             const    0x0800df44     0xc  SystemInit.o [1]
  .text               ro code  0x0800df50     0xc  cstartup_M.o [5]
  .rodata             const    0x0800df5c     0x8  Gprs.o [1]
  .rodata             const    0x0800df64     0x8  Gprs.o [1]
  .rodata             const    0x0800df6c     0x8  Gprs.o [1]
  .rodata             const    0x0800df74     0x8  Gprs.o [1]
  .rodata             const    0x0800df7c     0x8  Gprs.o [1]
  .rodata             const    0x0800df84     0x8  main.o [1]
  .rodata             const    0x0800df8c     0x8  Server188.o [1]
  .rodata             const    0x0800df94     0x8  tasks.o [1]
  .rodata             const    0x0800df9c     0x8  timers.o [1]
  .rodata             const    0x0800dfa4     0x4  heap_4.o [1]
  .rodata             const    0x0800dfa8     0x4  port.o [1]
  .text               ro code  0x0800dfac     0x4  startup_stm32l1xx_hd.o [1]
  .text               ro code  0x0800dfb0     0x4  startup_stm32l1xx_hd.o [1]
  .text               ro code  0x0800dfb4     0x4  startup_stm32l1xx_hd.o [1]
  .text               ro code  0x0800dfb8     0x4  startup_stm32l1xx_hd.o [1]
  .text               ro code  0x0800dfbc     0x4  startup_stm32l1xx_hd.o [1]
  .text               ro code  0x0800dfc0     0x4  startup_stm32l1xx_hd.o [1]
  .text               ro code  0x0800dfc4     0x4  startup_stm32l1xx_hd.o [1]
  .text               ro code  0x0800dfc8     0x4  startup_stm32l1xx_hd.o [1]
  .text               ro code  0x0800dfcc     0x4  startup_stm32l1xx_hd.o [1]
  .text               ro code  0x0800dfd0     0x4  startup_stm32l1xx_hd.o [1]
  .text               ro code  0x0800dfd4     0x4  startup_stm32l1xx_hd.o [1]
  .text               ro code  0x0800dfd8     0x4  startup_stm32l1xx_hd.o [1]
  .text               ro code  0x0800dfdc     0x4  startup_stm32l1xx_hd.o [1]
  .text               ro code  0x0800dfe0     0x4  startup_stm32l1xx_hd.o [1]
  .text               ro code  0x0800dfe4     0x4  startup_stm32l1xx_hd.o [1]
  .text               ro code  0x0800dfe8     0x4  startup_stm32l1xx_hd.o [1]
  .text               ro code  0x0800dfec     0x4  startup_stm32l1xx_hd.o [1]
  .text               ro code  0x0800dff0     0x4  startup_stm32l1xx_hd.o [1]
  .text               ro code  0x0800dff4     0x4  startup_stm32l1xx_hd.o [1]
  .text               ro code  0x0800dff8     0x4  startup_stm32l1xx_hd.o [1]
  .text               ro code  0x0800dffc     0x4  startup_stm32l1xx_hd.o [1]
  .text               ro code  0x0800e000     0x4  startup_stm32l1xx_hd.o [1]
  .text               ro code  0x0800e004     0x4  startup_stm32l1xx_hd.o [1]
  .rodata             const    0x0800e008     0x0  zero_init3.o [5]
  .rodata             const    0x0800e008     0x0  copy_init3.o [5]
                             - 0x0800e008  0xdee4

"P2", part 1 of 3:                           0x28
  P2-1                         0x20000000    0x28  <Init block>
    .data             inited   0x20000000     0x4  port.o [1]
    .data             inited   0x20000004     0xc  stm32l1xx_rcc.o [1]
    .data             inited   0x20000010    0x10  stm32l1xx_rcc.o [1]
    __DLIB_PERTHREAD  inited   0x20000020     0x4  errno.o [3]
    .data             inited   0x20000024     0x1  Gprs.o [1]
    .data             inited   0x20000025     0x1  MB85RC512T.o [1]
    .data             inited   0x20000026     0x1  Server188.o [1]
    .data             inited   0x20000027     0x1  Server188.o [1]
                             - 0x20000028    0x28

"P2", part 2 of 3:                         0x1000
  CSTACK                       0x20000028  0x1000  <Block>
    CSTACK            uninit   0x20000028  0x1000  <Block tail>
                             - 0x20001028  0x1000

"P2", part 3 of 3:                         0x93b4
  .bss                zero     0x20001028  0x6000  heap_4.o [1]
  .bss                zero     0x20007028  0x1010  OnSceneComm.o [1]
  .bss                zero     0x20008038  0x1000  Gprs.o [1]
  .bss                zero     0x20009038   0xa00  SerialPort.o [1]
  .bss                zero     0x20009a38   0x3b0  Server188.o [1]
  .bss                zero     0x20009de8   0x124  CJT-188-2004.o [1]
  .bss                zero     0x20009f0c    0x8c  tasks.o [1]
  .bss                zero     0x20009f98    0x80  CJT-188-2004.o [1]
  .bss                zero     0x2000a018    0x6c  SerialPort.o [1]
  .bss                zero     0x2000a084    0x68  CJT-188-2004.o [1]
  .bss                zero     0x2000a0ec    0x68  Gprs.o [1]
  .bss                zero     0x2000a154    0x4c  Server188.o [1]
  .bss                zero     0x2000a1a0    0x40  Manual.o [1]
  .bss                zero     0x2000a1e0    0x30  CJT-188-2004.o [1]
  .bss                zero     0x2000a210    0x20  CJT-188-2004.o [1]
  .bss                zero     0x2000a230    0x14  tasks.o [1]
  .bss                zero     0x2000a244    0x14  tasks.o [1]
  .bss                zero     0x2000a258    0x14  tasks.o [1]
  .bss                zero     0x2000a26c    0x14  tasks.o [1]
  .bss                zero     0x2000a280    0x14  tasks.o [1]
  .bss                zero     0x2000a294    0x14  timers.o [1]
  .bss                zero     0x2000a2a8    0x14  timers.o [1]
  .bss                zero     0x2000a2bc     0xc  MeterList.o [1]
  .bss                zero     0x2000a2c8     0xc  Server188.o [1]
  .bss                zero     0x2000a2d4     0xc  Server188.o [1]
  .bss                zero     0x2000a2e0     0xc  Server188.o [1]
  .bss                zero     0x2000a2ec     0xc  Server188.o [1]
  .bss                zero     0x2000a2f8     0x8  heap_4.o [1]
  .bss                zero     0x2000a300     0x8  OnSceneComm.o [1]
  .bss                zero     0x2000a308     0x8  OnSceneComm.o [1]
  .bss                zero     0x2000a310     0x8  PCF8563.o [1]
  .bss                zero     0x2000a318     0x8  SerialPort.o [1]
  .bss                zero     0x2000a320     0x8  SystemInit.o [1]
  .bss                zero     0x2000a328     0x4  Gprs.o [1]
  .bss                zero     0x2000a32c     0x4  Gprs.o [1]
  .bss                zero     0x2000a330     0x4  heap_4.o [1]
  .bss                zero     0x2000a334     0x4  heap_4.o [1]
  .bss                zero     0x2000a338     0x4  heap_4.o [1]
  .bss                zero     0x2000a33c     0x4  heap_4.o [1]
  .bss                zero     0x2000a340     0x4  main.o [1]
  .bss                zero     0x2000a344     0x4  Manual.o [1]
  .bss                zero     0x2000a348     0x4  port.o [1]
  .bss                zero     0x2000a34c     0x4  SerialPort.o [1]
  .bss                zero     0x2000a350     0x4  SystemInit.o [1]
  .bss                zero     0x2000a354     0x4  SystemInit.o [1]
  .bss                zero     0x2000a358     0x4  SystemInit.o [1]
  .bss                zero     0x2000a35c     0x4  SystemInit.o [1]
  .bss                zero     0x2000a360     0x4  SystemInit.o [1]
  .bss                zero     0x2000a364     0x4  SystemInit.o [1]
  .bss                zero     0x2000a368     0x4  SystemInit.o [1]
  .bss                zero     0x2000a36c     0x4  SystemInit.o [1]
  .bss                zero     0x2000a370     0x4  SystemInit.o [1]
  .bss                zero     0x2000a374     0x4  SystemInit.o [1]
  .bss                zero     0x2000a378     0x4  SystemInit.o [1]
  .bss                zero     0x2000a37c     0x4  SystemInit.o [1]
  .bss                zero     0x2000a380     0x4  tasks.o [1]
  .bss                zero     0x2000a384     0x4  tasks.o [1]
  .bss                zero     0x2000a388     0x4  tasks.o [1]
  .bss                zero     0x2000a38c     0x4  tasks.o [1]
  .bss                zero     0x2000a390     0x4  tasks.o [1]
  .bss                zero     0x2000a394     0x4  tasks.o [1]
  .bss                zero     0x2000a398     0x4  tasks.o [1]
  .bss                zero     0x2000a39c     0x4  tasks.o [1]
  .bss                zero     0x2000a3a0     0x4  tasks.o [1]
  .bss                zero     0x2000a3a4     0x4  tasks.o [1]
  .bss                zero     0x2000a3a8     0x4  tasks.o [1]
  .bss                zero     0x2000a3ac     0x4  tasks.o [1]
  .bss                zero     0x2000a3b0     0x4  tasks.o [1]
  .bss                zero     0x2000a3b4     0x4  tasks.o [1]
  .bss                zero     0x2000a3b8     0x4  timers.o [1]
  .bss                zero     0x2000a3bc     0x4  timers.o [1]
  .bss                zero     0x2000a3c0     0x4  timers.o [1]
  .bss                zero     0x2000a3c4     0x4  timers.o [1]
  .bss                zero     0x2000a3c8     0x2  MeterList.o [1]
  .bss                zero     0x2000a3ca     0x2  SerialPort.o [1]
  .bss                zero     0x2000a3cc     0x2  SystemInit.o [1]
  .bss                zero     0x2000a3ce     0x2  SystemInit.o [1]
  .bss                zero     0x2000a3d0     0x2  SystemInit.o [1]
  .bss                zero     0x2000a3d2     0x1  CJT-188-2004.o [1]
  .bss                zero     0x2000a3d3     0x1  CJT-188-2004.o [1]
  .bss                zero     0x2000a3d4     0x1  MeterList.o [1]
  .bss                zero     0x2000a3d5     0x1  MeterList.o [1]
  .bss                zero     0x2000a3d6     0x1  port.o [1]
  .bss                zero     0x2000a3d7     0x1  SerialPort.o [1]
  .bss                zero     0x2000a3d8     0x1  Server188.o [1]
  .bss                zero     0x2000a3d9     0x1  SystemInit.o [1]
                             - 0x2000a3da  0x93b2


*******************************************************************************
*** INIT TABLE
***

          Address     Size
          -------     ----
Zero (__iar_zero_init3)
    1 destination range, total size 0x93b2:
          0x20001028  0x93b2

Copy (__iar_copy_init3)
    1 source range, total size 0x28:
          0x0800dcc4    0x28
    1 destination range, total size 0x28:
          0x20000000    0x28



*******************************************************************************
*** MODULE SUMMARY
***

    Module                  ro code  ro data  rw data
    ------                  -------  -------  -------
F:\0中科君达\0项目\集中器资料\mbus集中器\mbus集中器程序（CY）\mbus集中器程序\Projects\EWARM\Debug\Obj: [1]
    CJT-188-2004.o            4 176               606
    Common_API.o                958      512
    DriverPcb.o                 236
    Gprs.o                    6 104      393    4 209
    MB85RC512T.o              1 376        1        1
    MCU_Config.o                456
    Manual.o                     80                68
    MeterList.o               1 976                16
    OnSceneComm.o             1 444             4 128
    PCF8563.o                 1 674                 8
    SerialPort.o              7 940       36    2 683
    Server188.o               8 376       42    1 071
    SystemInit.o              1 214       48       63
    heap_4.o                    592        4   24 600
    list.o                      158
    main.o                      524       32        4
    misc.o                      196
    port.o                      452        8        9
    portasm.o                   148
    queue.o                   1 724
    startup_stm32l1xx_hd.o      400
    stm32_it.o                  866
    stm32l1xx_dma.o             440
    stm32l1xx_exti.o            188
    stm32l1xx_flash.o           316
    stm32l1xx_gpio.o            288
    stm32l1xx_i2c.o             624
    stm32l1xx_iwdg.o             56
    stm32l1xx_rcc.o             876       28       28
    stm32l1xx_syscfg.o           84
    stm32l1xx_usart.o           574
    system_stm32l1xx.o          372
    tasks.o                   2 956        8      296
    timers.o                  1 000        8       56
    -------------------------------------------------
    Total:                   48 844    1 120   37 846

command line: [2]
    -------------------------------------------------
    Total:

dl7M_tln.a: [3]
    atoi.o                        8
    div.o                        14
    errno.o                      12        4        4
    exit.o                        4
    low_level_init.o              4
    sprintf.o                    52
    strcat.o                     28
    strstr.o                     46
    xprintffull.o             3 538
    xsprout.o                    10
    xstoul.o                    412
    xtls.o                        2
    -------------------------------------------------
    Total:                    4 130        4        4

m7M_tl.a: [4]
    DblAdd.o                    212
    DblCmpGe.o                   46
    DblCmpLe.o                   46
    DblDiv.o                    598
    DblMul.o                    418
    DblSub.o                    384
    DblToI32.o                   88
    I32ToDbl.o                   48
    xdnorm.o                     68
    xdscale.o                   268
    -------------------------------------------------
    Total:                    2 176

rt7M_tl.a: [5]
    ABImemcpy_unaligned.o       118
    ABImemset.o                 102
    I64DivMod.o                 238
    I64DivZer.o                   2
    cexit.o                      10
    cmain.o                      26
    copy_init3.o                 44
    cstartup_M.o                 12
    data_init.o                  40
    memchr.o                     88
    memcmp_unaligned.o           98
    strchr.o                     22
    strcpy_unaligned.o           68
    strlen.o                     54
    zero_init3.o                 64
    -------------------------------------------------
    Total:                      986

shb_l.a: [6]
    exit.o                       20
    -------------------------------------------------
    Total:                       20

    Gaps                         36
    Linker created                        36    4 096
-----------------------------------------------------
    Grand Total:             56 192    1 160   41 946


*******************************************************************************
*** ENTRY LIST
***

Entry                      Address    Size  Type      Object
-----                      -------    ----  ----      ------
.iar.init_table$$Base   0x0800dd10           --   Gb  - Linker created -
.iar.init_table$$Limit  0x0800dd34           --   Gb  - Linker created -
?main                   0x0800dd55          Code  Gb  cmain.o [5]
APBAHBPrescTable        0x20000010    0x10  Data  Lc  stm32l1xx_rcc.o [1]
AddString               0x08004387    0x1c  Code  Gb  Common_API.o [1]
Add_MeterRecordToRom    0x08005b19   0x114  Code  Gb  MeterList.o [1]
Add_MeterRecordToRom::Recordbuff
                        0x2000a2bc     0xc  Data  Lc  MeterList.o [1]
AllCurrentDataRcmd_Func
                        0x08001205   0x3c0  Code  Lc  Server188.o [1]
AllCurrentDataRcmd_Func::MeterRcmd_ON
                        0x2000a2e0     0xc  Data  Lc  Server188.o [1]
AllFreezingDataRcmd_Func
                        0x080015c5   0x168  Code  Lc  Server188.o [1]
AllFreezingDataRcmd_Func::MeterRcmd_ON
                        0x2000a2ec     0xc  Data  Lc  Server188.o [1]
AlterMeterWcmd_Func     0x08001a09    0xc6  Code  Lc  Server188.o [1]
BCDToInt8               0x0800424d    0x86  Code  Gb  Common_API.o [1]
BinToSting              0x08004317    0x40  Code  Gb  Common_API.o [1]
CJT188SendBuff          0x2000a084    0x68  Data  Lc  CJT-188-2004.o [1]
CJT188_2004_AckVerify   0x08006e11    0xc2  Code  Lc  CJT-188-2004.o [1]
CJT188_2004_AckWeit     0x08006d57    0xb6  Code  Lc  CJT-188-2004.o [1]
CJT188_2004_AckWeit::buff
                        0x20009f98    0x80  Data  Lc  CJT-188-2004.o [1]
CJT188_2004_AddrVerify  0x08006cd1    0x86  Code  Lc  CJT-188-2004.o [1]
CJT188_2004_InPut       0x08006045   0x2ee  Code  Gb  CJT-188-2004.o [1]
CJT188_2004_Transfer    0x08006ed3    0x52  Code  Lc  CJT-188-2004.o [1]
CJT188_2004_Transfer::sendbuff
                        0x2000a1e0    0x30  Data  Lc  CJT-188-2004.o [1]
CJT188_2004_frameVerify
                        0x08006b9b   0x136  Code  Lc  CJT-188-2004.o [1]
CJT188_2004_init        0x08006029    0x1c  Code  Gb  CJT-188-2004.o [1]
CJT188_Package_AckFrame
                        0x08006f99    0xa2  Code  Lc  CJT-188-2004.o [1]
CJT188_Package_AskFrame
                        0x08006f25    0x6e  Code  Lc  CJT-188-2004.o [1]
CJT188_ReadAllFlow_Func
                        0x08006333   0x332  Code  Gb  CJT-188-2004.o [1]
CJT188_ReadDataFormNode
                        0x0800689f    0xf6  Code  Gb  CJT-188-2004.o [1]
CJT188_ReadSingleFlow_Func
                        0x08006665   0x23a  Code  Gb  CJT-188-2004.o [1]
CJT188_WriteDataToNode  0x08006995    0xb6  Code  Gb  CJT-188-2004.o [1]
CSTACK$$Base            0x20000028           --   Gb  - Linker created -
CSTACK$$Limit           0x20001028           --   Gb  - Linker created -
CaculateWeekDay         0x080052f7    0x62  Code  Gb  PCF8563.o [1]
CleanMeterWcmd_Func     0x08001c31    0x64  Code  Lc  Server188.o [1]
CloseAllMbus            0x08008c3f    0xd8  Code  Gb  SerialPort.o [1]
Comm_send               0x08008f7d    0x98  Code  Gb  OnSceneComm.o [1]
ConfigDataRcmd_Func     0x0800099f    0x2c  Code  Lc  Server188.o [1]
ConfigDataWcmd_Func     0x08000931    0x6e  Code  Lc  Server188.o [1]
CopyBuff                0x08004377    0x10  Code  Gb  Common_API.o [1]
CreateHandshakeFrame    0x0800028f    0xce  Code  Gb  Server188.o [1]
DATA_EEPROM_FastProgramByte
                        0x0800a891    0x3a  Code  Gb  stm32l1xx_flash.o [1]
DATA_EEPROM_Lock        0x0800a87f    0x12  Code  Gb  stm32l1xx_flash.o [1]
DATA_EEPROM_Unlock      0x0800a85f    0x20  Code  Gb  stm32l1xx_flash.o [1]
DMA1_Channel1_IRQHandler
                        0x0800d103    0x32  Code  Gb  stm32_it.o [1]
DMA1_Channel2_IRQHandler
                        0x0800d135    0x46  Code  Gb  stm32_it.o [1]
DMA1_Channel3_IRQHandler
                        0x0800d17b    0x30  Code  Gb  stm32_it.o [1]
DMA1_Channel4_IRQHandler
                        0x0800d1ab    0x48  Code  Gb  stm32_it.o [1]
DMA1_Channel5_IRQHandler
                        0x0800d1f3    0x30  Code  Gb  stm32_it.o [1]
DMA1_Channel6_IRQHandler
                        0x0800d223    0x30  Code  Gb  stm32_it.o [1]
DMA1_Channel7_IRQHandler
                        0x0800d253    0x42  Code  Gb  stm32_it.o [1]
DMA2_Channel1_IRQHandler
                        0x0800d44d     0x2  Code  Gb  stm32_it.o [1]
DMA2_Channel2_IRQHandler
                        0x0800d44f     0x2  Code  Gb  stm32_it.o [1]
DMA2_Channel3_IRQHandler
                        0x0800d451     0x2  Code  Gb  stm32_it.o [1]
DMA_Cmd                 0x0800b241    0x1c  Code  Gb  stm32l1xx_dma.o [1]
DMA_DeInit              0x0800b0f9   0x10a  Code  Gb  stm32l1xx_dma.o [1]
DMA_GetCurrDataCounter  0x0800b25d     0x6  Code  Gb  stm32l1xx_dma.o [1]
DMA_ITConfig            0x0800b263    0x16  Code  Gb  stm32l1xx_dma.o [1]
DMA_Init                0x0800b203    0x3e  Code  Gb  stm32l1xx_dma.o [1]
DMA_TC_Interrupt_USART  0x08007cb1   0x290  Code  Gb  SerialPort.o [1]
DMA_TE_Interrupt_USART  0x08007ae7   0x1c2  Code  Gb  SerialPort.o [1]
DeInit_UsartBuff        0x08007079    0x50  Code  Gb  SerialPort.o [1]
Delay                   0x0800a959     0xa  Code  Lc  MB85RC512T.o [1]
DeleteDataFromUsartBuff
                        0x080071bb    0x72  Code  Gb  SerialPort.o [1]
DeleteMeterWcmd_Func    0x08001acf   0x162  Code  Lc  Server188.o [1]
EEROM_Read              0x080056b9    0x1a  Code  Gb  DriverPcb.o [1]
EEROM_Write             0x080056d3    0x44  Code  Gb  DriverPcb.o [1]
EXTI0_IRQHandler        0x0800d0f9     0x2  Code  Gb  stm32_it.o [1]
EXTI15_10_IRQHandler    0x0800d43d     0x2  Code  Gb  stm32_it.o [1]
EXTI1_IRQHandler        0x0800d0fb     0x2  Code  Gb  stm32_it.o [1]
EXTI2_IRQHandler        0x0800d0fd     0x2  Code  Gb  stm32_it.o [1]
EXTI3_IRQHandler        0x0800d0ff     0x2  Code  Gb  stm32_it.o [1]
EXTI4_IRQHandler        0x0800d101     0x2  Code  Gb  stm32_it.o [1]
EXTI9_5_IRQHandler      0x0800d295    0x40  Code  Gb  stm32_it.o [1]
EXTI_ClearFlag          0x0800b46b     0x6  Code  Gb  stm32l1xx_exti.o [1]
EXTI_GetFlagStatus      0x0800b451    0x1a  Code  Gb  stm32l1xx_exti.o [1]
EXTI_Init               0x0800b3c9    0x88  Code  Gb  stm32l1xx_exti.o [1]
Err_MeterNo             0x2000a3c8     0x2  Data  Gb  MeterList.o [1]
FLASH_GetStatus         0x0800a8cb    0x36  Code  Gb  stm32l1xx_flash.o [1]
FLASH_IRQHandler        0x0800d0f5     0x2  Code  Gb  stm32_it.o [1]
FLASH_PrefetchBufferCmd
                        0x0800a835    0x2a  Code  Gb  stm32l1xx_flash.o [1]
FLASH_SetLatency        0x0800a81d    0x18  Code  Gb  stm32l1xx_flash.o [1]
FLASH_WaitForLastOperation
                        0x0800a91d    0x3c  Code  Gb  stm32l1xx_flash.o [1]
FRAM_I2C_Rset           0x0800aa4b    0x3e  Code  Gb  MB85RC512T.o [1]
FRAM_PageRead           0x0800acd5   0x1b6  Code  Gb  MB85RC512T.o [1]
FRAM_PageWrite          0x0800ab99   0x13c  Code  Gb  MB85RC512T.o [1]
FRAM_WaitEepromStandbyState
                        0x0800aa89   0x110  Code  Lc  MB85RC512T.o [1]
FactorySettings         0x0800d4ab    0xc0  Code  Gb  main.o [1]
Fram_xMutex             0x2000a36c     0x4  Data  Gb  SystemInit.o [1]
Frame_Pack              0x08000157    0x62  Code  Lc  Server188.o [1]
FreeBuffFormPort        0x0800714f    0x6c  Code  Gb  SerialPort.o [1]
FullReadingTime         0x2000a378     0x4  Data  Lc  SystemInit.o [1]
GPIO_Configuration      0x0800d7d1    0x7e  Code  Gb  MCU_Config.o [1]
GPIO_Init               0x0800a315    0xa4  Code  Gb  stm32l1xx_gpio.o [1]
GPIO_PinAFConfig        0x0800a3db    0x5a  Code  Gb  stm32l1xx_gpio.o [1]
GPIO_ReadInputDataBit   0x0800a3b9    0x1a  Code  Gb  stm32l1xx_gpio.o [1]
GPIO_ResetBits          0x0800a3d7     0x4  Code  Gb  stm32l1xx_gpio.o [1]
GPIO_SetBits            0x0800a3d3     0x4  Code  Gb  stm32l1xx_gpio.o [1]
GPRS_LinkCloseFunc      0x08003629    0xd2  Code  Lc  Gprs.o [1]
GPRS_ReceiveFunc        0x080036fb    0x42  Code  Lc  Gprs.o [1]
GetDataFromUsart        0x080070c9    0x86  Code  Gb  SerialPort.o [1]
Get_UsartBuff           0x0800722d    0x8e  Code  Lc  SerialPort.o [1]
GprsData_length         0x2000a328     0x4  Data  Lc  Gprs.o [1]
GprsDisplay_func        0x08003741    0xb6  Code  Gb  Gprs.o [1]
GprsIP_SendFunc         0x08003e73    0x66  Code  Gb  Gprs.o [1]
GprsQueue               0x2000a360     0x4  Data  Gb  SystemInit.o [1]
GprsRcmd_Func           0x08000a39    0x2e  Code  Lc  Server188.o [1]
GprsTask                0x2000a354     0x4  Data  Gb  SystemInit.o [1]
GprsTask_MonitorTimer   0x2000a3cc     0x2  Data  Gb  SystemInit.o [1]
GprsTask_func           0x08003d8d    0xe6  Code  Gb  Gprs.o [1]
GprsWcmd_Func           0x080009cb    0x6e  Code  Lc  Server188.o [1]
Gprs_buff               0x20008038  0x1000  Data  Lc  Gprs.o [1]
Gprs_xMutex             0x2000a368     0x4  Data  Gb  SystemInit.o [1]
GuideReportAllCurrentData
                        0x08002155    0x4e  Code  Gb  Server188.o [1]
HandServer              0x08009015   0x164  Code  Lc  OnSceneComm.o [1]
I2C1_ER_IRQHandler      0x0800d2dd     0x2  Code  Gb  stm32_it.o [1]
I2C1_EV_IRQHandler      0x0800d2db     0x2  Code  Gb  stm32_it.o [1]
I2C2_ER_IRQHandler      0x0800d2e1     0x2  Code  Gb  stm32_it.o [1]
I2C2_EV_IRQHandler      0x0800d2df     0x2  Code  Gb  stm32_it.o [1]
I2C_AcknowledgeConfig   0x0800c5e5    0x1c  Code  Gb  stm32l1xx_i2c.o [1]
I2C_CheckEvent          0x0800c63d    0x38  Code  Gb  stm32l1xx_i2c.o [1]
I2C_ClearFlag           0x0800c6bb     0xe  Code  Gb  stm32l1xx_i2c.o [1]
I2C_Cmd                 0x0800c591    0x1c  Code  Gb  stm32l1xx_i2c.o [1]
I2C_Config_FRAM24CLXX   0x0800a963    0xca  Code  Lc  MB85RC512T.o [1]
I2C_DeInit              0x0800c459    0x36  Code  Gb  stm32l1xx_i2c.o [1]
I2C_GenerateSTART       0x0800c5ad    0x1c  Code  Gb  stm32l1xx_i2c.o [1]
I2C_GenerateSTOP        0x0800c5c9    0x1c  Code  Gb  stm32l1xx_i2c.o [1]
I2C_GetFlagStatus       0x0800c675    0x46  Code  Gb  stm32l1xx_i2c.o [1]
I2C_Init                0x0800c48f    0xf2  Code  Gb  stm32l1xx_i2c.o [1]
I2C_ReadRegister        0x0800c623    0x1a  Code  Gb  stm32l1xx_i2c.o [1]
I2C_ReceiveData         0x0800c61d     0x6  Code  Gb  stm32l1xx_i2c.o [1]
I2C_Rset_FRAM24CLXX     0x0800aa2d    0x1e  Code  Lc  MB85RC512T.o [1]
I2C_Send7bitAddress     0x0800c601    0x16  Code  Gb  stm32l1xx_i2c.o [1]
I2C_SendData            0x0800c617     0x6  Code  Gb  stm32l1xx_i2c.o [1]
I2C_SlaverAddress       0x20000025     0x1  Data  Lc  MB85RC512T.o [1]
IDLE_Interrupt_USART    0x08007673   0x474  Code  Gb  SerialPort.o [1]
IIC_Soft_Ack            0x0800548b    0x50  Code  Gb  PCF8563.o [1]
IIC_Soft_NAck           0x080054db    0x50  Code  Gb  PCF8563.o [1]
IIC_Soft_Read_Byte      0x080055a7    0x70  Code  Gb  PCF8563.o [1]
IIC_Soft_Send_Byte      0x0800552b    0x7c  Code  Gb  PCF8563.o [1]
IIC_Soft_Start          0x08005397    0x50  Code  Gb  PCF8563.o [1]
IIC_Soft_Stop           0x080053e7    0x50  Code  Gb  PCF8563.o [1]
IIC_Soft_Wait_Ack       0x08005437    0x54  Code  Gb  PCF8563.o [1]
IIC_Software_Init       0x08005359    0x3e  Code  Gb  PCF8563.o [1]
IP32ToString            0x08003f35    0xa6  Code  Lc  Gprs.o [1]
IWDG_Enable             0x0800b4a7     0xa  Code  Gb  stm32l1xx_iwdg.o [1]
IWDG_ReloadCounter      0x0800b49d     0xa  Code  Gb  stm32l1xx_iwdg.o [1]
IWDG_SetPrescaler       0x0800b48d     0x8  Code  Gb  stm32l1xx_iwdg.o [1]
IWDG_SetReload          0x0800b495     0x8  Code  Gb  stm32l1xx_iwdg.o [1]
IWDG_WriteAccessCmd     0x0800b485     0x8  Code  Gb  stm32l1xx_iwdg.o [1]
InputBuff               0x2000a32c     0x4  Data  Lc  Gprs.o [1]
Int8ToBCD               0x080041d1    0x7c  Code  Gb  Common_API.o [1]
IntToString             0x080042d3    0x44  Code  Gb  Common_API.o [1]
Launch_GPRS             0x08003cc1    0xc0  Code  Gb  Gprs.o [1]
Launch_GPRS::Launch_CNT
                        0x20000024     0x1  Data  Lc  Gprs.o [1]
Launch_Systerm          0x08009abd   0x226  Code  Gb  SystemInit.o [1]
Launch_USART            0x08007f4d   0x656  Code  Gb  SerialPort.o [1]
Led1Task                0x2000a37c     0x4  Data  Lc  SystemInit.o [1]
Led1_Task               0x08009ce5    0x26  Code  Lc  SystemInit.o [1]
LoadInt                 0x0800ba63    0x6e  Code  Lc  xprintffull.o [3]
MCU_init                0x0800d85d    0x10  Code  Gb  MCU_Config.o [1]
ManualQueue             0x2000a35c     0x4  Data  Gb  SystemInit.o [1]
ManualTask              0x2000a350     0x4  Data  Gb  SystemInit.o [1]
ManualTask_MonitorTimer
                        0x2000a3ce     0x2  Data  Gb  SystemInit.o [1]
ManualTask_func         0x0800dbe1    0x50  Code  Gb  Manual.o [1]
Manual_buff             0x2000a1a0    0x40  Data  Lc  Manual.o [1]
Manual_datalength       0x2000a344     0x4  Data  Lc  Manual.o [1]
MarkString              0x08004403    0x3e  Code  Gb  Common_API.o [1]
MbusMonitor_EN          0x2000a3d2     0x1  Data  Gb  CJT-188-2004.o [1]
MbusReceiveQueue        0x2000a364     0x4  Data  Gb  SystemInit.o [1]
MbusStatus              0x2000a3d7     0x1  Data  Gb  SerialPort.o [1]
Mbus_IdleTime           0x2000a3ca     0x2  Data  Gb  SerialPort.o [1]
Mbus_xMutex             0x2000a370     0x4  Data  Gb  SystemInit.o [1]
MeterErrRcmd_Func       0x08000d79    0x34  Code  Lc  Server188.o [1]
MeterListSpec_errflg    0x2000a3d4     0x1  Data  Gb  MeterList.o [1]
MeterList_errflg        0x2000a3d5     0x1  Data  Gb  MeterList.o [1]
MeterRcmd_Func          0x08000bc7   0x1a8  Code  Lc  Server188.o [1]
MeterRcmd_Func::MeterRcmd_ON
                        0x2000a2d4     0xc  Data  Lc  Server188.o [1]
MeterWcmd_Func          0x08000a67   0x160  Code  Lc  Server188.o [1]
ModeInitConfig          0x08003ac9   0x13c  Code  Lc  Gprs.o [1]
MultiMeterFlowPVMessage
                        0x20009de8   0x124  Data  Gb  CJT-188-2004.o [1]
NVIC_Configuration      0x0800d707    0xca  Code  Gb  MCU_Config.o [1]
NVIC_Init               0x0800b2bb    0x6a  Code  Gb  misc.o [1]
NVIC_PriorityGroupConfig
                        0x0800b2b1     0xa  Code  Gb  misc.o [1]
NVIC_SetPriority        0x0800d455    0x26  Code  Lc  main.o [1]
NVIC_SetVectorTable     0x0800b325     0xc  Code  Gb  misc.o [1]
OFF_GPRS                0x08003c11    0xac  Code  Gb  Gprs.o [1]
OpenSingleMbus          0x08008d1d    0xb2  Code  Gb  SerialPort.o [1]
OperateRcmd_0N          0x2000a2c8     0xc  Data  Lc  Server188.o [1]
OperateRcmd_Func        0x08000fcd   0x20e  Code  Lc  Server188.o [1]
OperateWcmd_Func        0x08000dad   0x20e  Code  Lc  Server188.o [1]
OverLoadFlg             0x2000a34c     0x4  Data  Gb  SerialPort.o [1]
OverLoad_timer          0x2000a318     0x8  Data  Gb  SerialPort.o [1]
PCF8563_Read_Byte       0x08005665    0x52  Code  Gb  PCF8563.o [1]
PCF8563_Read_time       0x080051b7    0xfa  Code  Gb  PCF8563.o [1]
PCF8563_Set_Time        0x08005037   0x180  Code  Gb  PCF8563.o [1]
PCF8563_Write_Byte      0x08005621    0x44  Code  Gb  PCF8563.o [1]
PLLMulTable             0x20000004     0xc  Data  Lc  stm32l1xx_rcc.o [1]
PVD_IRQHandler          0x0800d0f3     0x2  Code  Gb  stm32_it.o [1]
PendSV_Handler          0x08009521          Code  Gb  portasm.o [1]
PortInit                0x080037f7    0x4e  Code  Lc  Gprs.o [1]
RCC_AHBPeriphClockCmd   0x0800a1eb    0x1e  Code  Gb  stm32l1xx_rcc.o [1]
RCC_APB1PeriphClockCmd  0x0800a227    0x1e  Code  Gb  stm32l1xx_rcc.o [1]
RCC_APB1PeriphResetCmd  0x0800a263    0x1e  Code  Gb  stm32l1xx_rcc.o [1]
RCC_APB2PeriphClockCmd  0x0800a209    0x1e  Code  Gb  stm32l1xx_rcc.o [1]
RCC_APB2PeriphResetCmd  0x0800a245    0x1e  Code  Gb  stm32l1xx_rcc.o [1]
RCC_Configuration       0x0800d6a5    0x62  Code  Gb  MCU_Config.o [1]
RCC_DeInit              0x08009fa9    0x5e  Code  Gb  stm32l1xx_rcc.o [1]
RCC_GetClocksFreq       0x0800a0e1   0x10a  Code  Gb  stm32l1xx_rcc.o [1]
RCC_GetFlagStatus       0x0800a281    0x46  Code  Gb  stm32l1xx_rcc.o [1]
RCC_GetSYSCLKSource     0x0800a08b     0xc  Code  Gb  stm32l1xx_rcc.o [1]
RCC_HCLKConfig          0x0800a097    0x18  Code  Gb  stm32l1xx_rcc.o [1]
RCC_HSEConfig           0x0800a007    0x10  Code  Gb  stm32l1xx_rcc.o [1]
RCC_IRQHandler          0x0800d0f7     0x2  Code  Gb  stm32_it.o [1]
RCC_PCLK1Config         0x0800a0af    0x18  Code  Gb  stm32l1xx_rcc.o [1]
RCC_PCLK2Config         0x0800a0c7    0x1a  Code  Gb  stm32l1xx_rcc.o [1]
RCC_PLLCmd              0x0800a069     0xa  Code  Gb  stm32l1xx_rcc.o [1]
RCC_PLLConfig           0x0800a057    0x12  Code  Gb  stm32l1xx_rcc.o [1]
RCC_SYSCLKConfig        0x0800a073    0x18  Code  Gb  stm32l1xx_rcc.o [1]
RCC_WaitForHSEStartUp   0x0800a017    0x40  Code  Gb  stm32l1xx_rcc.o [1]
RXNE_Interrupt_USART    0x080074b1   0x1c2  Code  Gb  SerialPort.o [1]
ReadAddress_AckFill     0x08006a4b    0x2e  Code  Lc  CJT-188-2004.o [1]
ReadMeterRecordFormAddr
                        0x080059c3    0x46  Code  Gb  MeterList.o [1]
ReadMeterRecordFormAddrAndLink
                        0x08005a09    0x74  Code  Gb  MeterList.o [1]
ReadMeterRecordFormRom  0x0800594d    0x76  Code  Gb  MeterList.o [1]
ReadMeterValueFormRom   0x08005d2d    0x74  Code  Gb  MeterList.o [1]
ReadTask                0x08001e89   0x2cc  Code  Gb  Server188.o [1]
Read_MeterListSpecFormRom
                        0x08005871    0x5e  Code  Gb  MeterList.o [1]
ReadingMeterState       0x2000a3d8     0x1  Data  Gb  Server188.o [1]
ReadingSteup_Func       0x08001dd3     0xa  Code  Lc  Server188.o [1]
ReadingWcmd_Func        0x080011db    0x2a  Code  Lc  Server188.o [1]
Reconnection            0x08009179    0xb8  Code  Lc  OnSceneComm.o [1]
Region$$Table$$Base     0x0800dd10           --   Gb  - Linker created -
Region$$Table$$Limit    0x0800dd34           --   Gb  - Linker created -
ReportAllCurrentDataFinish
                        0x20000026     0x1  Data  Gb  Server188.o [1]
SDIO_IRQHandler         0x0800d43f     0x2  Code  Gb  stm32_it.o [1]
SER_PV                  0x2000a3d3     0x1  Data  Lc  CJT-188-2004.o [1]
SPI1_IRQHandler         0x0800d2e3     0x2  Code  Gb  stm32_it.o [1]
SPI2_IRQHandler         0x0800d2e5     0x2  Code  Gb  stm32_it.o [1]
SPI3_IRQHandler         0x0800d443     0x2  Code  Gb  stm32_it.o [1]
SVC_Handler             0x08009573          Code  Gb  portasm.o [1]
SYSCFG_EXTILineConfig   0x0800b375    0x50  Code  Gb  stm32l1xx_syscfg.o [1]
SeekChar                0x080043a3    0x28  Code  Gb  Common_API.o [1]
SeekIsDigit             0x080043cb    0x24  Code  Gb  Common_API.o [1]
SeekMarkString          0x08004441    0x5e  Code  Gb  Common_API.o [1]
Server188Hand_AckVerify
                        0x0800035d    0xa6  Code  Gb  Server188.o [1]
Server188_InPut         0x08000403   0x29a  Code  Gb  Server188.o [1]
Server188_OutPutBuff    0x20009a38   0x3b0  Data  Lc  Server188.o [1]
Server188_SPCP_init     0x08000125    0x32  Code  Gb  Server188.o [1]
Server188_Send          0x08001c95    0x58  Code  Gb  Server188.o [1]
Server188_SendErr       0x08001ded    0x7e  Code  Gb  Server188.o [1]
Server188_SendErr::SER  0x20000027     0x1  Data  Lc  Server188.o [1]
Server188_frameVerify   0x0800069d    0x8a  Code  Gb  Server188.o [1]
Server1Task             0x2000a358     0x4  Data  Gb  SystemInit.o [1]
ServerInit              0x0800934f    0xba  Code  Lc  OnSceneComm.o [1]
ServerQueue             0x2000a320     0x8  Data  Gb  SystemInit.o [1]
ServerRecBuff           0x20007028  0x1010  Data  Gb  OnSceneComm.o [1]
ServerState             0x2000a300     0x8  Data  Gb  OnSceneComm.o [1]
ServerTask_MonitorTimer
                        0x2000a374     0x4  Data  Gb  SystemInit.o [1]
Server_Task             0x08009231   0x11e  Code  Gb  OnSceneComm.o [1]
SetSysClock             0x0800d8bf    0xf8  Code  Lc  system_stm32l1xx.o [1]
SilenceTimer            0x2000a308     0x8  Data  Gb  OnSceneComm.o [1]
SingCurrentDataRcmd_Func
                        0x08001739   0x1f0  Code  Lc  Server188.o [1]
SingFreezingDataRcmd_Func
                        0x08001941    0xc8  Code  Lc  Server188.o [1]
SingleMeterFlowPVMessage
                        0x2000a210    0x20  Data  Gb  CJT-188-2004.o [1]
StingToBin              0x08004357    0x20  Code  Gb  Common_API.o [1]
StringDel               0x080043ef    0x14  Code  Gb  Common_API.o [1]
StringIPtoU32           0x08003fdb    0x86  Code  Lc  Gprs.o [1]
SysTick_CLKSourceConfig
                        0x0800b331    0x20  Code  Gb  misc.o [1]
SysTick_Config          0x0800d47b    0x30  Code  Lc  main.o [1]
SysTick_Handler         0x080096dd    0x1e  Code  Gb  port.o [1]
SystemInit              0x0800d86d    0x52  Code  Gb  system_stm32l1xx.o [1]
SystemLoad              0x0800d56b    0x56  Code  Gb  main.o [1]
SystemTimer             0x2000a310     0x8  Data  Gb  PCF8563.o [1]
Systerm_INIT            0x08009a69    0x54  Code  Gb  SystemInit.o [1]
TC_Interrupt_USART      0x0800741b    0x96  Code  Gb  SerialPort.o [1]
TIM2_IRQHandler         0x0800d2d5     0x2  Code  Gb  stm32_it.o [1]
TIM3_IRQHandler         0x0800d2d7     0x2  Code  Gb  stm32_it.o [1]
TIM4_IRQHandler         0x0800d2d9     0x2  Code  Gb  stm32_it.o [1]
TIM5_IRQHandler         0x0800d441     0x2  Code  Gb  stm32_it.o [1]
TIM6_IRQHandler         0x0800d449     0x2  Code  Gb  stm32_it.o [1]
TIM7_IRQHandler         0x0800d44b     0x2  Code  Gb  stm32_it.o [1]
TXE_Interrupt_USART     0x080072bb   0x160  Code  Gb  SerialPort.o [1]
TaskLose                0x2000a3d9     0x1  Data  Gb  SystemInit.o [1]
TimeRcmd_Func           0x08000895    0x9c  Code  Lc  Server188.o [1]
TimeWcmd_Func           0x08000727   0x16e  Code  Lc  Server188.o [1]
UART4_IRQHandler        0x0800d445     0x2  Code  Gb  stm32_it.o [1]
UART5_IRQHandler        0x0800d447     0x2  Code  Gb  stm32_it.o [1]
USART1_IRQHandler       0x0800d2e7    0x5a  Code  Gb  stm32_it.o [1]
USART2_IRQHandler       0x0800d341    0x5a  Code  Gb  stm32_it.o [1]
USART3_IRQHandler       0x0800d39b    0x5a  Code  Gb  stm32_it.o [1]
USART_ClearITPendingBit
                        0x0800b0d1    0x26  Code  Gb  stm32l1xx_usart.o [1]
USART_Cmd               0x0800b049    0x1c  Code  Gb  stm32l1xx_usart.o [1]
USART_Config            0x0800dcec    0x24  Data  Gb  SerialPort.o [1]
USART_DMACmd            0x0800b065    0x16  Code  Gb  stm32l1xx_usart.o [1]
USART_DeInit            0x0800aeb9    0x90  Code  Gb  stm32l1xx_usart.o [1]
USART_Des               0x2000a018    0x6c  Data  Lc  SerialPort.o [1]
USART_ITConfig          0x0800b07b    0x56  Code  Gb  stm32l1xx_usart.o [1]
USART_Init              0x0800af49    0xe8  Code  Gb  stm32l1xx_usart.o [1]
USART_buff              0x20009038   0xa00  Data  Lc  SerialPort.o [1]
UsartstartSend          0x080089bb    0xaa  Code  Lc  SerialPort.o [1]
VersionInfo             0x0800df14     0xc  Data  Gb  main.o [1]
WWDG_IRQHandler         0x0800d0f1     0x2  Code  Gb  stm32_it.o [1]
WriteAddress_AckFill    0x08006a79    0x74  Code  Lc  CJT-188-2004.o [1]
WriteDtatToServerRecBuff
                        0x08009409    0xf0  Code  Gb  OnSceneComm.o [1]
_188_ConcenConfigData   0x2000a154    0x4c  Data  Gb  Server188.o [1]
_CIFSR_func             0x08002e05    0xd2  Code  Gb  Gprs.o [1]
_CIICR_func             0x08002c79    0xb2  Code  Gb  Gprs.o [1]
_CIPCLOSE_func          0x08003479   0x13e  Code  Gb  Gprs.o [1]
_CIPMUX_func            0x08002d2b    0xc6  Code  Gb  Gprs.o [1]
_CIPSEND_func           0x0800322d   0x244  Code  Gb  Gprs.o [1]
_CIPSTART_func          0x08002ee1   0x336  Code  Gb  Gprs.o [1]
_CREG_func              0x08002a1d   0x186  Code  Gb  Gprs.o [1]
_CSQ_func               0x08002899   0x17e  Code  Gb  Gprs.o [1]
_CSTT_func              0x08002ba3    0xd2  Code  Gb  Gprs.o [1]
_GenldFull              0x0800bfdd   0x26a  Code  Lc  xprintffull.o [3]
_LdtobFull              0x0800bbdd   0x3fa  Code  Lc  xprintffull.o [3]
_LitobFull              0x0800bad1   0x10a  Code  Lc  xprintffull.o [3]
_PrintfFull             0x0800b4bd   0x5a0  Code  Gb  xprintffull.o [3]
_PutcharsFull           0x0800c247    0x2e  Code  Lc  xprintffull.o [3]
_SProut                 0x080040d7     0xa  Code  Gb  xsprout.o [3]
_SyncRate_func          0x080035bd    0x6a  Code  Gb  Gprs.o [1]
__aeabi_cdcmple         0x0800c88d          Code  Gb  DblCmpLe.o [4]
__aeabi_cdrcmple        0x0800c8bd          Code  Gb  DblCmpGe.o [4]
__aeabi_d2iz            0x0800c9f9          Code  Gb  DblToI32.o [4]
__aeabi_d2uiz           0x0800ca25          Code  Gb  DblToI32.o [4]
__aeabi_ddiv            0x0800cda5          Code  Gb  DblDiv.o [4]
__aeabi_dmul            0x0800cc01          Code  Gb  DblMul.o [4]
__aeabi_dsub            0x0800ca81          Code  Gb  DblSub.o [4]
__aeabi_errno_addr      0x0800d009     0x6  Code  Gb  errno.o [3]
__aeabi_i2d             0x0800ca51          Code  Gb  I32ToDbl.o [4]
__aeabi_ldiv0           0x0800d015          Code  Gb  I64DivZer.o [5]
__aeabi_memset          0x08005809          Code  Gb  ABImemset.o [5]
__aeabi_ui2d            0x0800ca65          Code  Gb  I32ToDbl.o [4]
__aeabi_uldivmod        0x0800c759          Code  Gb  I64DivMod.o [5]
__cmain                 0x0800dd55          Code  Gb  cmain.o [5]
__exit                  0x0800dd85    0x14  Code  Gb  exit.o [6]
__iar_Dnorm             0x0800c847    0x44  Code  Gb  xdnorm.o [4]
__iar_Dscale            0x0800c8ed   0x10c  Code  Gb  xdscale.o [4]
__iar_Errno             0x20000020     0x4  Data  Gb  errno.o [3]
__iar_Memchr            0x0800c701          Code  Gb  memchr.o [5]
__iar_Memset            0x08005809          Code  Gb  ABImemset.o [5]
__iar_Memset_word       0x08005811          Code  Gb  ABImemset.o [5]
__iar_Stoul             0x0800c405     0x4  Code  Gb  xstoul.o [3]
__iar_Stoulx            0x0800c2bd   0x142  Code  Gb  xstoul.o [3]
__iar_Strchr            0x08009f89          Code  Gb  strchr.o [5]
__iar_Strstr            0x0800c28f    0x2e  Code  Gb  strstr.o [3]
__iar_copy_init3        0x0800dc71    0x2c  Code  Gb  copy_init3.o [5]
__iar_d2uiz             0x0800ca31          Code  Gb  DblToI32.o [4]
__iar_dadd              0x0800d019          Code  Gb  DblAdd.o [4]
__iar_data_init3        0x0800dc9d    0x28  Code  Gb  data_init.o [5]
__iar_dlib_perthread_access
                        0x0800d0ed     0x2  Code  Gb  xtls.o [3]
__iar_dsub              0x0800ca95          Code  Gb  DblSub.o [4]
__iar_dsubStart         0x0800caa7          Code  Gb  DblSub.o [4]
__iar_program_start     0x0800df51          Code  Gb  cstartup_M.o [5]
__iar_ui2d              0x0800ca69          Code  Gb  I32ToDbl.o [4]
__iar_unaligned___aeabi_memcpy
                        0x08004061          Code  Gb  ABImemcpy_unaligned.o [5]
__iar_unaligned___aeabi_memcpy4
                        0x08004081          Code  Gb  ABImemcpy_unaligned.o [5]
__iar_unaligned___aeabi_memcpy8
                        0x08004081          Code  Gb  ABImemcpy_unaligned.o [5]
__iar_unaligned_memcmp  0x080057a5          Code  Gb  memcmp_unaligned.o [5]
__iar_unaligned_strcpy  0x0800d661          Code  Gb  strcpy_unaligned.o [5]
__iar_zero_init3        0x0800dc31    0x40  Code  Gb  zero_init3.o [5]
__low_level_init        0x0800dd6f     0x4  Code  Gb  low_level_init.o [3]
__vector_table          0x08000000          Data  Gb  startup_stm32l1xx_hd.o [1]
_call_main              0x0800dd61          Code  Gb  cmain.o [5]
_exit                   0x0800dd79          Code  Gb  cexit.o [5]
_main                   0x0800dd6b          Code  Gb  cmain.o [5]
activateReceiveByDMA_USART
                        0x08008757   0x264  Code  Gb  SerialPort.o [1]
activateReceiveByIT_USART
                        0x080085b1   0x1a6  Code  Gb  SerialPort.o [1]
atoi                    0x08009f9f     0x8  Code  Gb  atoi.o [3]
auchCRCHi               0x0800d9e0   0x100  Data  Gb  Common_API.o [1]
auchCRCLo               0x0800dae0   0x100  Data  Gb  Common_API.o [1]
closeServer             0x080039c1    0xec  Code  Gb  Gprs.o [1]
config_Mbus             0x08008e65    0xf6  Code  Gb  SerialPort.o [1]
config_Mbus_188         0x08001ced    0xe6  Code  Lc  Server188.o [1]
connectServer           0x08003889   0x12e  Code  Gb  Gprs.o [1]
crc16                   0x080040e1    0x3c  Code  Gb  Common_API.o [1]
delay_us                0x0800502d     0xa  Code  Lc  PCF8563.o [1]
delete_MeterRecordFormRom
                        0x08005c2d   0x100  Code  Gb  MeterList.o [1]
digits                  0x0800c408    0x28  Data  Lc  xstoul.o [3]
div                     0x0800cffb     0xe  Code  Gb  div.o [3]
exit                    0x0800dd73     0x4  Code  Gb  exit.o [3]
freeServer188SendBuff   0x0800022d    0x62  Code  Gb  Server188.o [1]
free_CJT188SendBuff     0x08006b41    0x52  Code  Lc  CJT-188-2004.o [1]
getChannelNumberForID   0x08006b93     0x8  Code  Lc  CJT-188-2004.o [1]
getDaysInMonth          0x08004125    0xac  Code  Gb  Common_API.o [1]
getGprs_IdleCIP         0x08003849    0x2e  Code  Gb  Gprs.o [1]
getServer188SendBuff    0x080001b9    0x74  Code  Gb  Server188.o [1]
getState_USART          0x08008de9    0x44  Code  Gb  SerialPort.o [1]
get_CJT188SendBuff      0x08006aed    0x54  Code  Lc  CJT-188-2004.o [1]
get_ErrInformation      0x08009dbd    0xac  Code  Gb  SystemInit.o [1]
get_SystemTimer         0x080052b1    0x46  Code  Gb  PCF8563.o [1]
gprs                    0x2000a0ec    0x68  Data  Gb  Gprs.o [1]
main                    0x0800d5c1    0x64  Code  Gb  main.o [1]
memchr                  0x0800c701          Code  Gb  memchr.o [5]
ndigs                   0x0800c430    0x28  Data  Lc  xstoul.o [3]
pcInterruptPriorityRegisters
                        0x0800dfa8     0x4  Data  Lc  port.o [1]
prvAddCurrentTaskToDelayedList
                        0x08004d7d    0x4a  Code  Lc  tasks.o [1]
prvAllocateTCBAndStack  0x08004dc7    0x3c  Code  Lc  tasks.o [1]
prvCheckForValidListAndQueue
                        0x0800a7b9    0x48  Code  Lc  timers.o [1]
prvCheckTasksWaitingTermination
                        0x08004d17    0x66  Code  Lc  tasks.o [1]
prvCopyDataFromQueue    0x08002755    0x30  Code  Lc  queue.o [1]
prvCopyDataToQueue      0x080026b9    0x9c  Code  Lc  queue.o [1]
prvDeleteTCB            0x08004e03    0x12  Code  Lc  tasks.o [1]
prvGetNextExpireTime    0x0800a5c3    0x2e  Code  Lc  timers.o [1]
prvHeapInit             0x0800997b    0x6e  Code  Lc  heap_4.o [1]
prvIdleTask             0x08004c2d    0x18  Code  Lc  tasks.o [1]
prvInitialiseTCBVariables
                        0x08004c51    0x6c  Code  Lc  tasks.o [1]
prvInitialiseTaskLists  0x08004cbd    0x5a  Code  Lc  tasks.o [1]
prvInsertBlockIntoFreeList
                        0x080099e9    0x62  Code  Lc  heap_4.o [1]
prvInsertTimerInActiveList
                        0x0800a619    0x50  Code  Lc  timers.o [1]
prvIsQueueEmpty         0x080027ef    0x20  Code  Lc  queue.o [1]
prvIsQueueFull          0x0800280f    0x22  Code  Lc  queue.o [1]
prvProcessExpiredTimer  0x0800a4f5    0x50  Code  Lc  timers.o [1]
prvProcessReceivedCommands
                        0x0800a669    0xca  Code  Lc  timers.o [1]
prvProcessTimerOrBlockTask
                        0x0800a55f    0x64  Code  Lc  timers.o [1]
prvResetNextTaskUnblockTime
                        0x08004e15    0x2a  Code  Lc  tasks.o [1]
prvSampleTimeNow        0x0800a5f1    0x28  Code  Lc  timers.o [1]
prvSampleTimeNow::xLastTime
                        0x2000a3c4     0x4  Data  Lc  timers.o [1]
prvSwitchTimerLists     0x0800a733    0x86  Code  Lc  timers.o [1]
prvTaskExitError        0x080095d1    0x18  Code  Lc  port.o [1]
prvTimerTask            0x0800a545    0x1a  Code  Lc  timers.o [1]
prvUnlockQueue          0x08002785    0x6a  Code  Lc  queue.o [1]
pvPortMalloc            0x08009819    0xfc  Code  Gb  heap_4.o [1]
pvTaskIncrementMutexHeldCount
                        0x08004fc1    0x1e  Code  Gb  tasks.o [1]
pxCurrentTCB            0x2000a380     0x4  Data  Gb  tasks.o [1]
pxCurrentTimerList      0x2000a3b8     0x4  Data  Lc  timers.o [1]
pxDelayedTaskList       0x2000a384     0x4  Data  Lc  tasks.o [1]
pxEnd                   0x2000a330     0x4  Data  Lc  heap_4.o [1]
pxOverflowDelayedTaskList
                        0x2000a388     0x4  Data  Lc  tasks.o [1]
pxOverflowTimerList     0x2000a3bc     0x4  Data  Lc  timers.o [1]
pxPortInitialiseStack   0x080095b5    0x1c  Code  Gb  port.o [1]
pxReadyTasksLists       0x20009f0c    0x8c  Data  Lc  tasks.o [1]
readFormFRAM            0x0800575b    0x44  Code  Gb  DriverPcb.o [1]
sendBuffByDMA_USART     0x08008a65   0x1a0  Code  Gb  SerialPort.o [1]
sendStringByDMA_USART   0x08008c09    0x36  Code  Gb  SerialPort.o [1]
setState_USART          0x08008e2d    0x38  Code  Gb  SerialPort.o [1]
sprintf                 0x08009f45    0x34  Code  Gb  sprintf.o [3]
strcat                  0x08009f27    0x1c  Code  Gb  strcat.o [3]
strchr                  0x08009f89          Code  Gb  strchr.o [5]
strlen                  0x0800c6c9          Code  Gb  strlen.o [5]
strstr                  0x08009f79    0x10  Code  Gb  Gprs.o [1]
ucHeap                  0x20001028  0x6000  Data  Lc  heap_4.o [1]
ucMaxSysCallPriority    0x2000a3d6     0x1  Data  Lc  port.o [1]
ulMaxPRIGROUPValue      0x2000a348     0x4  Data  Lc  port.o [1]
ulPortSetInterruptMask  0x0800955f          Code  Gb  portasm.o [1]
uxCriticalNesting       0x20000000     0x4  Data  Lc  port.o [1]
uxCurrentNumberOfTasks  0x2000a390     0x4  Data  Lc  tasks.o [1]
uxListRemove            0x080097ef    0x28  Code  Gb  list.o [1]
uxPendedTicks           0x2000a3a0     0x4  Data  Lc  tasks.o [1]
uxSchedulerSuspended    0x2000a3b4     0x4  Data  Lc  tasks.o [1]
uxTaskNumber            0x2000a3ac     0x4  Data  Lc  tasks.o [1]
uxTasksDeleted          0x2000a38c     0x4  Data  Lc  tasks.o [1]
uxTopReadyPriority      0x2000a398     0x4  Data  Lc  tasks.o [1]
vApplicationTickHook    0x08009d0b    0xae  Code  Gb  SystemInit.o [1]
vApplicationTickHook::OverLoad_CN
                        0x2000a3d0     0x2  Data  Lc  SystemInit.o [1]
vListInitialise         0x08009779    0x1e  Code  Gb  list.o [1]
vListInitialiseItem     0x08009797     0x6  Code  Gb  list.o [1]
vListInsert             0x080097b5    0x3a  Code  Gb  list.o [1]
vListInsertEnd          0x0800979d    0x18  Code  Gb  list.o [1]
vPortClearInterruptMask
                        0x0800956d          Code  Gb  portasm.o [1]
vPortEnterCritical      0x08009683    0x30  Code  Gb  port.o [1]
vPortExitCritical       0x080096b3    0x2a  Code  Gb  port.o [1]
vPortFree               0x08009915    0x66  Code  Gb  heap_4.o [1]
vPortSetupTimerInterrupt
                        0x0800975d    0x1c  Code  Wk  port.o [1]
vPortStartFirstTask     0x08009593          Code  Gb  portasm.o [1]
vPortValidateInterruptPriority
                        0x080096fd    0x3e  Code  Gb  port.o [1]
vPortYield              0x08009671    0x12  Code  Gb  port.o [1]
vQueueWaitForMessageRestricted
                        0x08002855    0x44  Code  Gb  queue.o [1]
vTaskDelay              0x080046a3    0x6c  Code  Gb  tasks.o [1]
vTaskDelete             0x080045ef    0xb4  Code  Gb  tasks.o [1]
vTaskMissedYield        0x08004c21     0xa  Code  Gb  tasks.o [1]
vTaskPlaceOnEventList   0x08004a1f    0x6c  Code  Gb  tasks.o [1]
vTaskPlaceOnEventListRestricted
                        0x08004a8b    0x6c  Code  Gb  tasks.o [1]
vTaskPriorityInherit    0x08004e6b    0xaa  Code  Gb  tasks.o [1]
vTaskSetTimeOutState    0x08004b81    0x20  Code  Gb  tasks.o [1]
vTaskStartScheduler     0x0800470f    0x62  Code  Gb  tasks.o [1]
vTaskSuspendAll         0x08004771    0x10  Code  Gb  tasks.o [1]
vTaskSwitchContext      0x080049b3    0x6c  Code  Gb  tasks.o [1]
weitPortIdle            0x08009ef9    0x2e  Code  Gb  SystemInit.o [1]
writeToFRAM             0x08005717    0x44  Code  Gb  DriverPcb.o [1]
write_MeterListSpecToRom
                        0x080058cf    0x7e  Code  Gb  MeterList.o [1]
write_MeterOperateToRom
                        0x08005f17   0x112  Code  Gb  MeterList.o [1]
write_MeterRecordToRom  0x08005a7d    0x9c  Code  Gb  MeterList.o [1]
write_MeterValueToRom   0x08005db5   0x162  Code  Gb  MeterList.o [1]
xActiveTimerList1       0x2000a294    0x14  Data  Lc  timers.o [1]
xActiveTimerList2       0x2000a2a8    0x14  Data  Lc  timers.o [1]
xBlockAllocatedBit      0x2000a33c     0x4  Data  Lc  heap_4.o [1]
xDelayedTaskList1       0x2000a230    0x14  Data  Lc  tasks.o [1]
xDelayedTaskList2       0x2000a244    0x14  Data  Lc  tasks.o [1]
xFreeBytesRemaining     0x2000a334     0x4  Data  Lc  heap_4.o [1]
xHeapStructSize         0x0800dfa4     0x4  Data  Lc  heap_4.o [1]
xLaunch_Systerm         0x2000a340     0x4  Data  Lc  main.o [1]
xMinimumEverFreeBytesRemaining
                        0x2000a338     0x4  Data  Lc  heap_4.o [1]
xNextTaskUnblockTime    0x2000a3b0     0x4  Data  Lc  tasks.o [1]
xNumOfOverflows         0x2000a3a8     0x4  Data  Lc  tasks.o [1]
xPendingReadyList       0x2000a258    0x14  Data  Lc  tasks.o [1]
xPortStartScheduler     0x080095e9    0x88  Code  Gb  port.o [1]
xQueueCreateMutex       0x080022bb    0x58  Code  Gb  queue.o [1]
xQueueGenericCreate     0x08002255    0x66  Code  Gb  queue.o [1]
xQueueGenericReceive    0x08002535   0x184  Code  Gb  queue.o [1]
xQueueGenericReset      0x080021dd    0x78  Code  Gb  queue.o [1]
xQueueGenericSend       0x08002313   0x160  Code  Gb  queue.o [1]
xQueueGenericSendFromISR
                        0x08002473    0xc2  Code  Gb  queue.o [1]
xQueueIsQueueFullFromISR
                        0x08002831    0x24  Code  Gb  queue.o [1]
xSchedulerRunning       0x2000a39c     0x4  Data  Lc  tasks.o [1]
xStart                  0x2000a2f8     0x8  Data  Lc  heap_4.o [1]
xSuspendedTaskList      0x2000a280    0x14  Data  Lc  tasks.o [1]
xTaskCheckForTimeOut    0x08004bad    0x74  Code  Gb  tasks.o [1]
xTaskGenericCreate      0x080044a1   0x14e  Code  Gb  tasks.o [1]
xTaskGetSchedulerState  0x08004e45    0x26  Code  Gb  tasks.o [1]
xTaskGetTickCount       0x08004869     0xa  Code  Gb  tasks.o [1]
xTaskIncrementTick      0x08004873   0x140  Code  Gb  tasks.o [1]
xTaskPriorityDisinherit
                        0x08004f1d    0xa4  Code  Gb  tasks.o [1]
xTaskRemoveFromEventList
                        0x08004af7    0x7c  Code  Gb  tasks.o [1]
xTaskResumeAll          0x08004781    0xe8  Code  Gb  tasks.o [1]
xTasksWaitingTermination
                        0x2000a26c    0x14  Data  Lc  tasks.o [1]
xTickCount              0x2000a394     0x4  Data  Lc  tasks.o [1]
xTimerCreateTimerTask   0x0800a435    0x46  Code  Gb  timers.o [1]
xTimerGenericCommand    0x0800a47b    0x7a  Code  Gb  timers.o [1]
xTimerQueue             0x2000a3c0     0x4  Data  Lc  timers.o [1]
xYieldPending           0x2000a3a4     0x4  Data  Lc  tasks.o [1]


[1] = F:\0中科君达\0项目\集中器资料\mbus集中器\mbus集中器程序（CY）\mbus集中器程序\Projects\EWARM\Debug\Obj
[2] = command line
[3] = dl7M_tln.a
[4] = m7M_tl.a
[5] = rt7M_tl.a
[6] = shb_l.a

  56 192 bytes of readonly  code memory
   1 160 bytes of readonly  data memory
  41 946 bytes of readwrite data memory

Errors: none
Warnings: none
